Partial/Required:  2.93, Required:    400.0, Partial:  1173.89, Net: _15097_, Pin: _22446_/A1, Layer: met1
Partial/Required:  2.41, Required:    400.0, Partial:   964.11, Net: net2517, Pin: _22248_/A0, Layer: met1
Partial/Required:  2.17, Required:    400.0, Partial:   868.22, Net: _14857_, Pin: _21004_/A1, Layer: met1
Partial/Required:  2.07, Required:    400.0, Partial:   829.46, Net: _09119_, Pin: _34822_/B, Layer: met3
Partial/Required:  1.79, Required:    400.0, Partial:   715.22, Net: u_cmd_parser.challenge_nonce\[105\], Pin: _30801_/A0, Layer: met1
Partial/Required:  1.70, Required:    400.0, Partial:   678.89, Net: _14872_, Pin: _21021_/A1, Layer: met1
Partial/Required:  1.51, Required:    400.0, Partial:   603.78, Net: _14008_, Pin: _20059_/A1, Layer: met1
Partial/Required:  1.45, Required:    400.0, Partial:   581.22, Net: _18157_, Pin: _26971_/B1, Layer: met1
Partial/Required:  1.39, Required:    400.0, Partial:   557.56, Net: _14674_, Pin: _20801_/A1, Layer: met1
Partial/Required:  1.36, Required:    400.0, Partial:   542.22, Net: u_cmd_parser.challenge_nonce\[56\], Pin: _28376_/A1, Layer: met1
Partial/Required:  1.28, Required:    400.0, Partial:   511.44, Net: u_auth_fsm.nonce_hist\[4\]\[123\], Pin: _22258_/A1, Layer: met1
Partial/Required:  1.22, Required:    400.0, Partial:   487.22, Net: u_cmd_parser.challenge_nonce\[55\], Pin: _28106_/A1, Layer: met1
Partial/Required:  1.20, Required:    400.0, Partial:   481.33, Net: _15147_, Pin: _23307_/A0, Layer: met1
Partial/Required:  1.20, Required:    400.0, Partial:   479.33, Net: fifo_nonce\[0\]\[44\], Pin: _25245_/A, Layer: met1
Partial/Required:  1.20, Required:    400.0, Partial:   478.44, Net: _07226_, Pin: _32856_/B, Layer: met1
Partial/Required:  1.18, Required:    400.0, Partial:   472.89, Net: _17604_, Pin: _27012_/B1, Layer: met1
Partial/Required:  1.18, Required:    400.0, Partial:   472.44, Net: u_aes128.ciphertext\[66\], Pin: _36460_/A0, Layer: met1
Partial/Required:  1.15, Required:    400.0, Partial:    458.0, Net: u_auth_fsm.nonce_hist\[1\]\[58\], Pin: _26135_/A1_N, Layer: met1
Partial/Required:  1.09, Required:    400.0, Partial:   436.95, Net: _09370_, Pin: _35026_/B, Layer: met3
Partial/Required:  1.08, Required:    400.0, Partial:   430.61, Net: u_aes128.ciphertext\[81\], Pin: _27809_/A1, Layer: met2
Partial/Required:  1.05, Required:    400.0, Partial:   421.21, Net: _18906_, Pin: _26637_/A, Layer: met3
Partial/Required:  1.04, Required:    400.0, Partial:   416.22, Net: u_cmd_parser.challenge_nonce\[50\], Pin: _28364_/A1, Layer: met1
Partial/Required:  1.04, Required:    400.0, Partial:   415.78, Net: u_cmd_parser.challenge_nonce\[98\], Pin: _28196_/A1, Layer: met1
Partial/Required:  1.03, Required:    400.0, Partial:   412.11, Net: _19628_, Pin: _27394_/A, Layer: met1
Partial/Required:  1.01, Required:    400.0, Partial:   405.11, Net: u_cmd_parser.challenge_nonce\[51\], Pin: _28098_/A1, Layer: met1
Partial/Required:  1.00, Required:    400.0, Partial:    401.0, Net: net38, Pin: _27106_/B1, Layer: met1
Partial/Required:  1.00, Required:    400.0, Partial:   400.78, Net: u_auth_fsm.nonce_hist\[1\]\[79\], Pin: _22971_/A1, Layer: met1
