OpenROAD 41a51eaf4ca2171c92ff38afb91eb37bbd3f36da 
This program is licensed under the BSD-3 license. See the LICENSE file for details.
Components of this program may be licensed under more restrictive licenses which must be honored.
[INFO]: Reading ODB at '/home/alexis/my_asic_projects/secure_asic_top/runs/run_1/tmp/routing/19-diodes.odb'…
define_corners Typical
read_liberty -corner Typical /home/alexis/PDKs/sky130A/libs.ref/sky130_fd_sc_hd/lib/sky130_fd_sc_hd__tt_025C_1v80.lib
Using 1e-12 for capacitance...
Using 1e+03 for resistance...
Using 1e-09 for time...
Using 1e+00 for voltage...
Using 1e-03 for current...
Using 1e-09 for power...
Using 1e-06 for distance...
Reading design constraints file at '/home/alexis/my_asic_projects/secure_asic_top/runs/run_1/tmp/17-secure_asic_top.sdc'…
Placement Analysis
---------------------------------
total displacement      17265.0 u
average displacement        0.4 u
max displacement           12.9 u
original HPWL         1068866.7 u
legalized HPWL        1090726.3 u
delta HPWL                    2 %

[INFO DPL-0020] Mirrored 10995 instances
[INFO DPL-0021] HPWL before          1090726.3 u
[INFO DPL-0022] HPWL after           1070603.4 u
[INFO DPL-0023] HPWL delta               -1.8 %
Setting global connections for newly added cells…
Writing OpenROAD database to '/home/alexis/my_asic_projects/secure_asic_top/runs/run_1/tmp/routing/./19-diodes_legalized.odb'…
Writing netlist to '/home/alexis/my_asic_projects/secure_asic_top/runs/run_1/tmp/routing/./19-diodes_legalized.nl.v'…
Writing powered netlist to '/home/alexis/my_asic_projects/secure_asic_top/runs/run_1/tmp/routing/./19-diodes_legalized.pnl.v'…
Writing layout to '/home/alexis/my_asic_projects/secure_asic_top/runs/run_1/tmp/routing/./19-diodes_legalized.def'…
