OpenROAD 41a51eaf4ca2171c92ff38afb91eb37bbd3f36da 
This program is licensed under the BSD-3 license. See the LICENSE file for details.
Components of this program may be licensed under more restrictive licenses which must be honored.
[INFO ODB-0222] Reading LEF file: /home/alexis/my_asic_projects/secure_asic_top/runs/run_6/tmp/merged.nom.lef
[INFO ODB-0223]     Created 14 technology layers
[INFO ODB-0224]     Created 25 technology vias
[INFO ODB-0225]     Created 441 library cells
[INFO ODB-0226] Finished LEF file:  /home/alexis/my_asic_projects/secure_asic_top/runs/run_6/tmp/merged.nom.lef
[INFO ODB-0127] Reading DEF file: /home/alexis/my_asic_projects/secure_asic_top/runs/run_6/results/routing/secure_asic_top.def
[INFO ODB-0128] Design: secure_asic_top
[INFO ODB-0094] 		Created 100000 Insts
[INFO ODB-0130]     Created 9 pins.
[INFO ODB-0131]     Created 108939 components and 514075 component-terminals.
[INFO ODB-0132]     Created 2 special nets and 414966 connections.
[INFO ODB-0133]     Created 26262 nets and 99103 connections.
[INFO ODB-0134] Finished DEF file: /home/alexis/my_asic_projects/secure_asic_top/runs/run_6/results/routing/secure_asic_top.def
define_corners Typical
read_liberty -corner Typical /home/alexis/PDKs/sky130A/libs.ref/sky130_fd_sc_hd/lib/sky130_fd_sc_hd__tt_025C_1v80.lib
Using 1e-12 for capacitance...
Using 1e+03 for resistance...
Using 1e-09 for time...
Using 1e+00 for voltage...
Using 1e-03 for current...
Using 1e-09 for power...
Using 1e-06 for distance...
Using RCX ruleset '/home/alexis/PDKs/sky130A/libs.tech/openlane/rules.openrcx.sky130A.nom.calibre'...
[INFO RCX-0431] Defined process_corner X with ext_model_index 0
[INFO RCX-0029] Defined extraction corner X
[INFO RCX-0008] extracting parasitics of secure_asic_top ...
[INFO RCX-0435] Reading extraction model file /home/alexis/PDKs/sky130A/libs.tech/openlane/rules.openrcx.sky130A.nom.calibre ...
[INFO RCX-0436] RC segment generation secure_asic_top (max_merge_res 50.0) ...
[INFO RCX-0040] Final 128307 rc segments
[INFO RCX-0439] Coupling Cap extraction secure_asic_top ...
[INFO RCX-0440] Coupling threshhold is 0.1000 fF, coupling capacitance less than 0.1000 fF will be grounded.
[INFO RCX-0043] 272552 wires to be extracted
[INFO RCX-0442] 49% completion -- 136116 wires have been extracted
[INFO RCX-0442] 100% completion -- 272552 wires have been extracted
[INFO RCX-0045] Extract 26262 nets, 154550 rsegs, 154550 caps, 332526 ccs
[INFO RCX-0015] Finished extracting secure_asic_top.
Writing result to /home/alexis/my_asic_projects/secure_asic_top/runs/run_6/results/routing/mca/process_corner_nom/secure_asic_top.spef...
Setting global connections for newly added cells…
[WARNING] Did not save OpenROAD database!
Writing extracted parasitics to '/home/alexis/my_asic_projects/secure_asic_top/runs/run_6/results/routing/mca/process_corner_nom/secure_asic_top.spef'…
[INFO RCX-0016] Writing SPEF ...
[INFO RCX-0443] 26262 nets finished
[INFO RCX-0017] Finished writing SPEF ...
