Using Techfile: /home/alexis/PDKs/sky130A/libs.tech/klayout/drc/sky130A_mr.drc
Using GDS file: /home/alexis/my_asic_projects/secure_asic_top/runs/run_6/results/signoff/secure_asic_top.gds
Output Report File: /home/alexis/my_asic_projects/secure_asic_top/runs/run_6/results/signoff/secure_asic_top.gds.lydrc
/home/alexis/PDKs/sky130A/libs.tech/klayout/drc/sky130A_mr.drc:55: warning: already initialized constant DRC::DRCEngine::FEOL
/home/alexis/PDKs/sky130A/libs.tech/klayout/drc/sky130A_mr.drc:44: warning: previous definition of FEOL was here
/home/alexis/PDKs/sky130A/libs.tech/klayout/drc/sky130A_mr.drc:61: warning: already initialized constant DRC::DRCEngine::BEOL
/home/alexis/PDKs/sky130A/libs.tech/klayout/drc/sky130A_mr.drc:45: warning: previous definition of BEOL was here
/home/alexis/PDKs/sky130A/libs.tech/klayout/drc/sky130A_mr.drc:67: warning: already initialized constant DRC::DRCEngine::OFFGRID
/home/alexis/PDKs/sky130A/libs.tech/klayout/drc/sky130A_mr.drc:46: warning: previous definition of OFFGRID was here
/home/alexis/PDKs/sky130A/libs.tech/klayout/drc/sky130A_mr.drc:73: warning: already initialized constant DRC::DRCEngine::SEAL
/home/alexis/PDKs/sky130A/libs.tech/klayout/drc/sky130A_mr.drc:47: warning: previous definition of SEAL was here
/home/alexis/PDKs/sky130A/libs.tech/klayout/drc/sky130A_mr.drc:79: warning: already initialized constant DRC::DRCEngine::FLOATING_MET
/home/alexis/PDKs/sky130A/libs.tech/klayout/drc/sky130A_mr.drc:48: warning: previous definition of FLOATING_MET was here
/home/alexis/PDKs/sky130A/libs.tech/klayout/drc/sky130A_mr.drc:85: warning: already initialized constant DRC::DRCEngine::SRAM_EXCLUDE
/home/alexis/PDKs/sky130A/libs.tech/klayout/drc/sky130A_mr.drc:49: warning: previous definition of SRAM_EXCLUDE was here
"input" in: sky130A_mr.drc:135
    Polygons (raw): 184097 (flat)  569 (hierarchical)
    Elapsed: 0.020s  Memory: 292.00M
"polygons" in: sky130A_mr.drc:136
    Polygons (raw): 20790 (flat)  2 (hierarchical)
    Elapsed: 0.020s  Memory: 292.00M
"polygons" in: sky130A_mr.drc:137
    Polygons (raw): 108939 (flat)  184 (hierarchical)
    Elapsed: 0.010s  Memory: 292.00M
"polygons" in: sky130A_mr.drc:138
    Polygons (raw): 0 (flat)  0 (hierarchical)
    Elapsed: 0.000s  Memory: 292.00M
"polygons" in: sky130A_mr.drc:139
    Polygons (raw): 0 (flat)  0 (hierarchical)
    Elapsed: 0.000s  Memory: 292.00M
"polygons" in: sky130A_mr.drc:140
    Polygons (raw): 0 (flat)  0 (hierarchical)
    Elapsed: 0.000s  Memory: 292.00M
"polygons" in: sky130A_mr.drc:141
    Polygons (raw): 0 (flat)  0 (hierarchical)
    Elapsed: 0.000s  Memory: 292.00M
"polygons" in: sky130A_mr.drc:142
    Polygons (raw): 0 (flat)  0 (hierarchical)
    Elapsed: 0.000s  Memory: 292.00M
"polygons" in: sky130A_mr.drc:143
    Polygons (raw): 110338 (flat)  191 (hierarchical)
    Elapsed: 0.020s  Memory: 292.00M
"polygons" in: sky130A_mr.drc:144
    Polygons (raw): 0 (flat)  0 (hierarchical)
    Elapsed: 0.000s  Memory: 292.00M
"polygons" in: sky130A_mr.drc:145
    Polygons (raw): 0 (flat)  0 (hierarchical)
    Elapsed: 0.000s  Memory: 292.00M
"polygons" in: sky130A_mr.drc:146
    Polygons (raw): 0 (flat)  0 (hierarchical)
    Elapsed: 0.000s  Memory: 292.00M
"polygons" in: sky130A_mr.drc:147
    Polygons (raw): 0 (flat)  0 (hierarchical)
    Elapsed: 0.000s  Memory: 292.00M
"polygons" in: sky130A_mr.drc:148
    Polygons (raw): 288675 (flat)  1306 (hierarchical)
    Elapsed: 0.010s  Memory: 292.00M
"polygons" in: sky130A_mr.drc:149
    Polygons (raw): 0 (flat)  0 (hierarchical)
    Elapsed: 0.000s  Memory: 292.00M
"polygons" in: sky130A_mr.drc:150
    Polygons (raw): 119334 (flat)  185 (hierarchical)
    Elapsed: 0.010s  Memory: 292.00M
"polygons" in: sky130A_mr.drc:151
    Polygons (raw): 119392 (flat)  186 (hierarchical)
    Elapsed: 0.010s  Memory: 292.00M
"polygons" in: sky130A_mr.drc:152
    Polygons (raw): 0 (flat)  0 (hierarchical)
    Elapsed: 0.000s  Memory: 292.00M
"polygons" in: sky130A_mr.drc:153
    Polygons (raw): 0 (flat)  0 (hierarchical)
    Elapsed: 0.000s  Memory: 292.00M
"polygons" in: sky130A_mr.drc:154
    Polygons (raw): 87385 (flat)  227 (hierarchical)
    Elapsed: 0.010s  Memory: 292.00M
"polygons" in: sky130A_mr.drc:155
    Polygons (raw): 1227468 (flat)  5933 (hierarchical)
    Elapsed: 0.020s  Memory: 292.00M
"polygons" in: sky130A_mr.drc:157
    Polygons (raw): 671268 (flat)  99043 (hierarchical)
    Elapsed: 0.040s  Memory: 295.00M
"polygons" in: sky130A_mr.drc:158
    Polygons (raw): 1291579 (flat)  100007 (hierarchical)
    Elapsed: 0.040s  Memory: 298.00M
"polygons" in: sky130A_mr.drc:160
    Polygons (raw): 705828 (flat)  460176 (hierarchical)
    Elapsed: 0.140s  Memory: 310.00M
"polygons" in: sky130A_mr.drc:161
    Polygons (raw): 125447 (flat)  125447 (hierarchical)
    Elapsed: 0.050s  Memory: 310.00M
"polygons" in: sky130A_mr.drc:163
    Polygons (raw): 228703 (flat)  228703 (hierarchical)
    Elapsed: 0.070s  Memory: 313.00M
"polygons" in: sky130A_mr.drc:164
    Polygons (raw): 21118 (flat)  21118 (hierarchical)
    Elapsed: 0.030s  Memory: 313.00M
"polygons" in: sky130A_mr.drc:166
    Polygons (raw): 46003 (flat)  46003 (hierarchical)
    Elapsed: 0.030s  Memory: 313.00M
"polygons" in: sky130A_mr.drc:167
    Polygons (raw): 11093 (flat)  11093 (hierarchical)
    Elapsed: 0.020s  Memory: 313.00M
"polygons" in: sky130A_mr.drc:169
    Polygons (raw): 5765 (flat)  5765 (hierarchical)
    Elapsed: 0.020s  Memory: 313.00M
"polygons" in: sky130A_mr.drc:170
    Polygons (raw): 180 (flat)  180 (hierarchical)
    Elapsed: 0.020s  Memory: 313.00M
"polygons" in: sky130A_mr.drc:172
    Polygons (raw): 77 (flat)  77 (hierarchical)
    Elapsed: 0.010s  Memory: 313.00M
"polygons" in: sky130A_mr.drc:174
    Polygons (raw): 0 (flat)  0 (hierarchical)
    Elapsed: 0.000s  Memory: 313.00M
"polygons" in: sky130A_mr.drc:175
    Polygons (raw): 0 (flat)  0 (hierarchical)
    Elapsed: 0.000s  Memory: 313.00M
"polygons" in: sky130A_mr.drc:176
    Polygons (raw): 0 (flat)  0 (hierarchical)
    Elapsed: 0.000s  Memory: 313.00M
"polygons" in: sky130A_mr.drc:177
    Polygons (raw): 0 (flat)  0 (hierarchical)
    Elapsed: 0.000s  Memory: 313.00M
"polygons" in: sky130A_mr.drc:178
    Polygons (raw): 0 (flat)  0 (hierarchical)
    Elapsed: 0.000s  Memory: 313.00M
"polygons" in: sky130A_mr.drc:179
    Polygons (raw): 0 (flat)  0 (hierarchical)
    Elapsed: 0.000s  Memory: 313.00M
"polygons" in: sky130A_mr.drc:180
    Polygons (raw): 0 (flat)  0 (hierarchical)
    Elapsed: 0.000s  Memory: 313.00M
"polygons" in: sky130A_mr.drc:181
    Polygons (raw): 0 (flat)  0 (hierarchical)
    Elapsed: 0.000s  Memory: 313.00M
"polygons" in: sky130A_mr.drc:182
    Polygons (raw): 0 (flat)  0 (hierarchical)
    Elapsed: 0.000s  Memory: 313.00M
"polygons" in: sky130A_mr.drc:183
    Polygons (raw): 0 (flat)  0 (hierarchical)
    Elapsed: 0.000s  Memory: 313.00M
"polygons" in: sky130A_mr.drc:184
    Polygons (raw): 0 (flat)  0 (hierarchical)
    Elapsed: 0.000s  Memory: 313.00M
"polygons" in: sky130A_mr.drc:185
    Polygons (raw): 0 (flat)  0 (hierarchical)
    Elapsed: 0.000s  Memory: 313.00M
"polygons" in: sky130A_mr.drc:186
    Polygons (raw): 0 (flat)  0 (hierarchical)
    Elapsed: 0.000s  Memory: 313.00M
"polygons" in: sky130A_mr.drc:187
    Polygons (raw): 0 (flat)  0 (hierarchical)
    Elapsed: 0.000s  Memory: 313.00M
"polygons" in: sky130A_mr.drc:188
    Polygons (raw): 0 (flat)  0 (hierarchical)
    Elapsed: 0.000s  Memory: 313.00M
"polygons" in: sky130A_mr.drc:189
    Polygons (raw): 0 (flat)  0 (hierarchical)
    Elapsed: 0.000s  Memory: 313.00M
"polygons" in: sky130A_mr.drc:190
    Polygons (raw): 0 (flat)  0 (hierarchical)
    Elapsed: 0.000s  Memory: 313.00M
"polygons" in: sky130A_mr.drc:191
    Polygons (raw): 0 (flat)  0 (hierarchical)
    Elapsed: 0.000s  Memory: 313.00M
"polygons" in: sky130A_mr.drc:192
    Polygons (raw): 108939 (flat)  184 (hierarchical)
    Elapsed: 0.020s  Memory: 313.00M
"polygons" in: sky130A_mr.drc:193
    Polygons (raw): 0 (flat)  0 (hierarchical)
    Elapsed: 0.000s  Memory: 313.00M
"polygons" in: sky130A_mr.drc:194
    Polygons (raw): 0 (flat)  0 (hierarchical)
    Elapsed: 0.000s  Memory: 313.00M
"polygons" in: sky130A_mr.drc:195
    Polygons (raw): 0 (flat)  0 (hierarchical)
    Elapsed: 0.000s  Memory: 313.00M
"polygons" in: sky130A_mr.drc:196
    Polygons (raw): 0 (flat)  0 (hierarchical)
    Elapsed: 0.000s  Memory: 313.00M
"polygons" in: sky130A_mr.drc:197
    Polygons (raw): 0 (flat)  0 (hierarchical)
    Elapsed: 0.000s  Memory: 313.00M
"polygons" in: sky130A_mr.drc:198
    Polygons (raw): 0 (flat)  0 (hierarchical)
    Elapsed: 0.000s  Memory: 313.00M
"polygons" in: sky130A_mr.drc:199
    Polygons (raw): 0 (flat)  0 (hierarchical)
    Elapsed: 0.000s  Memory: 313.00M
"polygons" in: sky130A_mr.drc:200
    Polygons (raw): 1 (flat)  1 (hierarchical)
    Elapsed: 0.020s  Memory: 313.00M
"polygons" in: sky130A_mr.drc:201
    Polygons (raw): 0 (flat)  0 (hierarchical)
    Elapsed: 0.000s  Memory: 313.00M
"polygons" in: sky130A_mr.drc:202
    Polygons (raw): 0 (flat)  0 (hierarchical)
    Elapsed: 0.000s  Memory: 313.00M
"polygons" in: sky130A_mr.drc:203
    Polygons (raw): 0 (flat)  0 (hierarchical)
    Elapsed: 0.000s  Memory: 313.00M
"polygons" in: sky130A_mr.drc:204
    Polygons (raw): 0 (flat)  0 (hierarchical)
    Elapsed: 0.000s  Memory: 313.00M
"polygons" in: sky130A_mr.drc:205
    Polygons (raw): 8786 (flat)  1 (hierarchical)
    Elapsed: 0.020s  Memory: 313.00M
"polygons" in: sky130A_mr.drc:206
    Polygons (raw): 0 (flat)  0 (hierarchical)
    Elapsed: 0.000s  Memory: 313.00M
"polygons" in: sky130A_mr.drc:207
    Polygons (raw): 0 (flat)  0 (hierarchical)
    Elapsed: 0.000s  Memory: 313.00M
"polygons" in: sky130A_mr.drc:208
    Polygons (raw): 0 (flat)  0 (hierarchical)
    Elapsed: 0.000s  Memory: 313.00M
"polygons" in: sky130A_mr.drc:209
    Polygons (raw): 0 (flat)  0 (hierarchical)
    Elapsed: 0.000s  Memory: 313.00M
"polygons" in: sky130A_mr.drc:210
    Polygons (raw): 0 (flat)  0 (hierarchical)
    Elapsed: 0.000s  Memory: 313.00M
"polygons" in: sky130A_mr.drc:211
    Polygons (raw): 0 (flat)  0 (hierarchical)
    Elapsed: 0.000s  Memory: 313.00M
"polygons" in: sky130A_mr.drc:212
    Polygons (raw): 0 (flat)  0 (hierarchical)
    Elapsed: 0.000s  Memory: 313.00M
"polygons" in: sky130A_mr.drc:213
    Polygons (raw): 0 (flat)  0 (hierarchical)
    Elapsed: 0.000s  Memory: 313.00M
"polygons" in: sky130A_mr.drc:214
    Polygons (raw): 0 (flat)  0 (hierarchical)
    Elapsed: 0.000s  Memory: 313.00M
"polygons" in: sky130A_mr.drc:215
    Polygons (raw): 0 (flat)  0 (hierarchical)
    Elapsed: 0.000s  Memory: 313.00M
"polygons" in: sky130A_mr.drc:216
    Polygons (raw): 0 (flat)  0 (hierarchical)
    Elapsed: 0.010s  Memory: 313.00M
"polygons" in: sky130A_mr.drc:217
    Polygons (raw): 0 (flat)  0 (hierarchical)
    Elapsed: 0.000s  Memory: 313.00M
"polygons" in: sky130A_mr.drc:218
    Polygons (raw): 0 (flat)  0 (hierarchical)
    Elapsed: 0.000s  Memory: 313.00M
"polygons" in: sky130A_mr.drc:219
    Polygons (raw): 0 (flat)  0 (hierarchical)
    Elapsed: 0.000s  Memory: 313.00M
"polygons" in: sky130A_mr.drc:220
    Polygons (raw): 0 (flat)  0 (hierarchical)
    Elapsed: 0.000s  Memory: 313.00M
"polygons" in: sky130A_mr.drc:221
    Polygons (raw): 0 (flat)  0 (hierarchical)
    Elapsed: 0.000s  Memory: 313.00M
"polygons" in: sky130A_mr.drc:222
    Polygons (raw): 0 (flat)  0 (hierarchical)
    Elapsed: 0.000s  Memory: 313.00M
"polygons" in: sky130A_mr.drc:223
    Polygons (raw): 0 (flat)  0 (hierarchical)
    Elapsed: 0.000s  Memory: 313.00M
"polygons" in: sky130A_mr.drc:224
    Polygons (raw): 0 (flat)  0 (hierarchical)
    Elapsed: 0.000s  Memory: 313.00M
"polygons" in: sky130A_mr.drc:225
    Polygons (raw): 0 (flat)  0 (hierarchical)
    Elapsed: 0.000s  Memory: 313.00M
"polygons" in: sky130A_mr.drc:226
    Polygons (raw): 0 (flat)  0 (hierarchical)
    Elapsed: 0.000s  Memory: 313.00M
"polygons" in: sky130A_mr.drc:227
    Polygons (raw): 0 (flat)  0 (hierarchical)
    Elapsed: 0.000s  Memory: 313.00M
"polygons" in: sky130A_mr.drc:228
    Polygons (raw): 0 (flat)  0 (hierarchical)
    Elapsed: 0.000s  Memory: 313.00M
"polygons" in: sky130A_mr.drc:229
    Polygons (raw): 0 (flat)  0 (hierarchical)
    Elapsed: 0.000s  Memory: 313.00M
DRC section
Writing report database: /home/alexis/my_asic_projects/secure_asic_top/runs/run_6/results/signoff/secure_asic_top.gds.lydrc ..
Total elapsed: 2.300s  Memory: 305.00M
 
Cell exclusion list:
   rule    | cell
   nwell.6 | sky130_fd_io__gpiov2_amux, sky130_fd_io__simple_pad_and_busses, sram
   nsd.1   | sram
   nsd.2   | sram
   psd.1   | sram
   psd.2   | sram
 
release 2024.2.11_01.09
