OpenROAD 41a51eaf4ca2171c92ff38afb91eb37bbd3f36da 
This program is licensed under the BSD-3 license. See the LICENSE file for details.
Components of this program may be licensed under more restrictive licenses which must be honored.
[INFO]: Reading ODB at '/home/alexis/my_asic_projects/secure_asic_top/runs/run_6/tmp/placement/7-global.odb'…
define_corners Slowest Typical Fastest
read_liberty -corner Slowest /home/alexis/PDKs/sky130A/libs.ref/sky130_fd_sc_hd/lib/sky130_fd_sc_hd__ss_100C_1v60.lib
read_liberty -corner Typical /home/alexis/PDKs/sky130A/libs.ref/sky130_fd_sc_hd/lib/sky130_fd_sc_hd__tt_025C_1v80.lib
read_liberty -corner Fastest /home/alexis/PDKs/sky130A/libs.ref/sky130_fd_sc_hd/lib/sky130_fd_sc_hd__ff_n40C_1v95.lib
Using 1e-12 for capacitance...
Using 1e+03 for resistance...
Using 1e-09 for time...
Using 1e+00 for voltage...
Using 1e-03 for current...
Using 1e-09 for power...
Using 1e-06 for distance...
Reading design constraints file at '/home/alexis/my_asic_projects/secure_asic_top/runs/run_6/tmp/floorplan/3-initial_fp.sdc'…
[INFO]: Setting RC values...
[INFO RSZ-0027] Inserted 2 input buffers.
[INFO RSZ-0028] Inserted 4 output buffers.
[INFO RSZ-0058] Using max wire length 4508um.
[INFO RSZ-0034] Found 78 slew violations.
[INFO RSZ-0035] Found 1 fanout violations.
[INFO RSZ-0038] Inserted 409 buffers in 79 nets.
[INFO RSZ-0039] Resized 21944 instances.
[INFO RSZ-0042] Inserted 6 tie sky130_fd_sc_hd__conb_1 instances.
Placement Analysis
---------------------------------
total displacement      49339.6 u
average displacement        1.4 u
max displacement            9.9 u
original HPWL          993402.7 u
legalized HPWL        1031059.9 u
delta HPWL                    4 %

[INFO DPL-0020] Mirrored 7815 instances
[INFO DPL-0021] HPWL before          1031059.9 u
[INFO DPL-0022] HPWL after           1017283.5 u
[INFO DPL-0023] HPWL delta               -1.3 %
Setting global connections for newly added cells…
Writing OpenROAD database to '/home/alexis/my_asic_projects/secure_asic_top/runs/run_6/tmp/placement/9-resizer.odb'…
Writing netlist to '/home/alexis/my_asic_projects/secure_asic_top/runs/run_6/tmp/placement/9-resizer.nl.v'…
Writing powered netlist to '/home/alexis/my_asic_projects/secure_asic_top/runs/run_6/tmp/placement/9-resizer.pnl.v'…
Writing layout to '/home/alexis/my_asic_projects/secure_asic_top/runs/run_6/tmp/placement/9-resizer.def'…
Writing timing constraints to '/home/alexis/my_asic_projects/secure_asic_top/runs/run_6/tmp/placement/9-resizer.sdc'…
area_report

===========================================================================
report_design_area
============================================================================
Design area 259812 u^2 36% utilization.
area_report_end
