OpenROAD 41a51eaf4ca2171c92ff38afb91eb37bbd3f36da 
This program is licensed under the BSD-3 license. See the LICENSE file for details.
Components of this program may be licensed under more restrictive licenses which must be honored.
[INFO]: Reading ODB at '/home/alexis/my_asic_projects/secure_asic_top/runs/run_1/results/placement/secure_asic_top.odb'…
define_corners Slowest Typical Fastest
read_liberty -corner Slowest /home/alexis/my_asic_projects/secure_asic_top/runs/run_1/tmp/cts/cts-slowest.lib
read_liberty -corner Typical /home/alexis/my_asic_projects/secure_asic_top/runs/run_1/tmp/cts/cts.lib
read_liberty -corner Fastest /home/alexis/my_asic_projects/secure_asic_top/runs/run_1/tmp/cts/cts-fastest.lib
Using 1e-12 for capacitance...
Using 1e+03 for resistance...
Using 1e-09 for time...
Using 1e+00 for voltage...
Using 1e-03 for current...
Using 1e-09 for power...
Using 1e-06 for distance...
Reading design constraints file at '/home/alexis/my_asic_projects/secure_asic_top/runs/run_1/tmp/placement/9-resizer.sdc'…
[INFO]: Setting RC values...
[INFO]: Configuring cts characterization...
[INFO]: Performing clock tree synthesis...
[INFO]: Looking for the following net(s): clk
[INFO]: Running Clock Tree Synthesis...
[INFO CTS-0049] Characterization buffer is: sky130_fd_sc_hd__clkbuf_8.
[INFO CTS-0038] Number of created patterns = 50000.
[INFO CTS-0038] Number of created patterns = 100000.
[INFO CTS-0039] Number of created patterns = 141984.
[INFO CTS-0084] Compiling LUT.
Min. len    Max. len    Min. cap    Max. cap    Min. slew   Max. slew
2           8           1           35          1           12          
[WARNING CTS-0043] 4896 wires are pure wire and no slew degradation.
TritonCTS forced slew degradation on these wires.
[INFO CTS-0046]     Number of wire segments: 141984.
[INFO CTS-0047]     Number of keys in characterization LUT: 1624.
[INFO CTS-0048]     Actual min input cap: 1.
[INFO CTS-0007] Net "clk" found for clock "clk".
[INFO CTS-0010]  Clock net "clk" has 3556 sinks.
[INFO CTS-0008] TritonCTS found 1 clock nets.
[INFO CTS-0097] Characterization used 2 buffer(s) types.
[INFO CTS-0027] Generating H-Tree topology for net clk.
[INFO CTS-0028]  Total number of sinks: 3556.
[INFO CTS-0029]  Sinks will be clustered in groups of up to 25 and with maximum cluster diameter of 50.0 um.
[INFO CTS-0030]  Number of static layers: 0.
[INFO CTS-0020]  Wire segment unit: 13000  dbu (13 um).
[INFO CTS-0019]  Total number of sinks after clustering: 443.
[INFO CTS-0024]  Normalized sink region: [(0.931538, 6.90462), (58.8827, 66.0169)].
[INFO CTS-0025]     Width:  57.9512.
[INFO CTS-0026]     Height: 59.1123.
 Level 1
    Direction: Vertical
    Sinks per sub-region: 222
    Sub-region size: 57.9512 X 29.5562
[INFO CTS-0034]     Segment length (rounded): 14.
    Key: 4140 inSlew: 1 inCap: 2 outSlew: 2 load: 1 length: 8 delay: 1
    Key: 1029 inSlew: 1 inCap: 1 outSlew: 2 load: 1 length: 6 delay: 1
 Level 2
    Direction: Horizontal
    Sinks per sub-region: 111
    Sub-region size: 28.9756 X 29.5562
[INFO CTS-0034]     Segment length (rounded): 14.
    Key: 4143 inSlew: 2 inCap: 2 outSlew: 3 load: 1 length: 8 delay: 1
    Key: 290 inSlew: 3 inCap: 1 outSlew: 1 load: 1 length: 6 delay: 9
      location: 0.333333 buffer: sky130_fd_sc_hd__clkbuf_8
 Level 3
    Direction: Vertical
    Sinks per sub-region: 56
    Sub-region size: 28.9756 X 14.7781
[INFO CTS-0034]     Segment length (rounded): 8.
    Key: 4140 inSlew: 1 inCap: 2 outSlew: 2 load: 1 length: 8 delay: 1
 Level 4
    Direction: Horizontal
    Sinks per sub-region: 28
    Sub-region size: 14.4878 X 14.7781
[INFO CTS-0034]     Segment length (rounded): 8.
    Key: 4140 inSlew: 1 inCap: 2 outSlew: 2 load: 1 length: 8 delay: 1
 Level 5
    Direction: Vertical
    Sinks per sub-region: 14
    Sub-region size: 14.4878 X 7.3890
[INFO CTS-0034]     Segment length (rounded): 4.
    Key: 255 inSlew: 2 inCap: 1 outSlew: 3 load: 1 length: 4 delay: 1
 Out of 29 sinks, 1 sinks closer to other cluster.
[INFO CTS-0032]  Stop criterion found. Max number of sinks is 15.
[INFO CTS-0035]  Number of sinks covered: 443.
[INFO CTS-0018]     Created 471 clock buffers.
[INFO CTS-0012]     Minimum number of buffers in the clock path: 3.
[INFO CTS-0013]     Maximum number of buffers in the clock path: 4.
[INFO CTS-0015]     Created 471 clock nets.
[INFO CTS-0016]     Fanout distribution for the current clock = 2:9, 3:20, 4:21, 5:28, 6:45, 7:50, 8:64, 9:58, 10:54, 11:34, 12:31, 13:24, 14:11, 15:5, 16:4, 17:5, 18:2, 22:1..
[INFO CTS-0017]     Max level of the clock tree: 5.
[INFO CTS-0098] Clock net "clk"
[INFO CTS-0099]  Sinks 3556
[INFO CTS-0100]  Leaf buffers 434
[INFO CTS-0101]  Average sink wire length 1136.32 um
[INFO CTS-0102]  Path depth 3 - 4
[INFO]: Repairing long wires on clock nets...
[INFO RSZ-0058] Using max wire length 4508um.
Setting global connections for newly added cells…
Writing OpenROAD database to '/home/alexis/my_asic_projects/secure_asic_top/runs/run_1/results/cts/secure_asic_top.odb'…
Writing layout to '/home/alexis/my_asic_projects/secure_asic_top/runs/run_1/results/cts/secure_asic_top.def'…
Writing timing constraints to '/home/alexis/my_asic_projects/secure_asic_top/runs/run_1/results/cts/secure_asic_top.sdc'…
[INFO]: Legalizing...
Placement Analysis
---------------------------------
total displacement       3523.9 u
average displacement        0.1 u
max displacement            9.4 u
original HPWL         1050126.5 u
legalized HPWL        1067015.1 u
delta HPWL                    2 %

[INFO DPL-0020] Mirrored 8076 instances
[INFO DPL-0021] HPWL before          1067015.1 u
[INFO DPL-0022] HPWL after           1051803.3 u
[INFO DPL-0023] HPWL delta               -1.4 %
Setting global connections for newly added cells…
Writing OpenROAD database to '/home/alexis/my_asic_projects/secure_asic_top/runs/run_1/results/cts/secure_asic_top.odb'…
Writing layout to '/home/alexis/my_asic_projects/secure_asic_top/runs/run_1/results/cts/secure_asic_top.def'…
Writing timing constraints to '/home/alexis/my_asic_projects/secure_asic_top/runs/run_1/results/cts/secure_asic_top.sdc'…
cts_report
[INFO CTS-0003] Total number of Clock Roots: 1.
[INFO CTS-0004] Total number of Buffers Inserted: 471.
[INFO CTS-0005] Total number of Clock Subnets: 471.
[INFO CTS-0006] Total number of Sinks: 3556.
cts_report_end
