Partial/Required:  2.09, Required:    400.0, Partial:   834.89, Net: _14857_, Pin: _21004_/A1, Layer: met1
Partial/Required:  1.74, Required:    400.0, Partial:   695.44, Net: net2517, Pin: _22248_/A0, Layer: met1
Partial/Required:  1.73, Required:    400.0, Partial:    692.0, Net: _19330_, Pin: _21416_/A1, Layer: met1
Partial/Required:  1.72, Required:    400.0, Partial:   689.78, Net: _14749_, Pin: _20884_/A1, Layer: met1
Partial/Required:  1.68, Required:    400.0, Partial:   673.89, Net: u_cmd_parser.challenge_nonce\[55\], Pin: _28106_/A1, Layer: met1
Partial/Required:  1.59, Required:    400.0, Partial:   634.11, Net: _18448_, Pin: _23484_/A0, Layer: met1
Partial/Required:  1.47, Required:    400.0, Partial:    587.0, Net: _17274_, Pin: _25282_/B_N, Layer: met1
Partial/Required:  1.46, Required:    400.0, Partial:   584.22, Net: _14674_, Pin: _20801_/A1, Layer: met1
Partial/Required:  1.41, Required:    400.0, Partial:   564.67, Net: _14412_, Pin: _20507_/A1, Layer: met1
Partial/Required:  1.36, Required:    400.0, Partial:   542.09, Net: _10299_, Pin: _35982_/A2, Layer: met3
Partial/Required:  1.35, Required:    400.0, Partial:    539.0, Net: _17035_, Pin: _25791_/B, Layer: met1
Partial/Required:  1.34, Required:    400.0, Partial:   535.44, Net: u_auth_fsm.nonce_hist\[1\]\[88\], Pin: _22989_/A1, Layer: met1
Partial/Required:  1.30, Required:    400.0, Partial:   518.89, Net: _16882_, Pin: _25176_/B_N, Layer: met1
Partial/Required:  1.21, Required:    400.0, Partial:   483.56, Net: _18396_, Pin: _23499_/A0, Layer: met1
Partial/Required:  1.14, Required:    400.0, Partial:   456.67, Net: _17212_, Pin: _22083_/A0, Layer: met1
Partial/Required:  1.11, Required:    400.0, Partial:   445.22, Net: _17395_, Pin: _26773_/B, Layer: met1
Partial/Required:  1.10, Required:    400.0, Partial:   439.33, Net: u_aes128.ciphertext\[60\], Pin: _36107_/A0, Layer: met1
Partial/Required:  1.08, Required:    400.0, Partial:   430.44, Net: _07774_, Pin: _33597_/C_N, Layer: met1
Partial/Required:  1.07, Required:    400.0, Partial:   429.78, Net: _07850_, Pin: _33470_/B, Layer: met1
Partial/Required:  1.06, Required:    400.0, Partial:   425.33, Net: u_auth_fsm.nonce_hist\[1\]\[67\], Pin: _22945_/A1, Layer: met1
Partial/Required:  1.06, Required:    400.0, Partial:    424.0, Net: _14849_, Pin: _20995_/A1, Layer: met1
Partial/Required:  1.06, Required:    400.0, Partial:   423.68, Net: net264, Pin: fanout262/A, Layer: met1
Partial/Required:  1.05, Required:    400.0, Partial:    421.0, Net: _15109_, Pin: _22996_/A0, Layer: met1
Partial/Required:  1.04, Required:    400.0, Partial:   417.56, Net: _15104_, Pin: _22455_/A1, Layer: met1
Partial/Required:  1.04, Required:    400.0, Partial:   417.22, Net: u_cmd_parser.challenge_nonce\[6\], Pin: _30592_/A0, Layer: met1
Partial/Required:  1.03, Required:    400.0, Partial:   412.11, Net: _19628_, Pin: _27394_/A, Layer: met1
Partial/Required:  1.02, Required:    400.0, Partial:   408.67, Net: u_auth_fsm.nonce_hist\[3\]\[66\], Pin: _22406_/A0, Layer: met1
Partial/Required:  1.02, Required:    400.0, Partial:   407.78, Net: _16994_, Pin: _24767_/B_N, Layer: met1
Partial/Required:  1.01, Required:    400.0, Partial:   404.22, Net: u_auth_fsm.nonce_hist\[1\]\[70\], Pin: _22952_/A1, Layer: met1
