
===========================================================================
 report_power
============================================================================
======================= Fastest Corner ===================================

Group                  Internal  Switching    Leakage      Total
                          Power      Power      Power      Power (Watts)
----------------------------------------------------------------
Sequential             1.12e-02   3.31e-03   1.22e-05   1.45e-02  14.3%
Combinational          3.16e-02   5.50e-02   3.57e-07   8.66e-02  85.7%
Macro                  0.00e+00   0.00e+00   0.00e+00   0.00e+00   0.0%
Pad                    0.00e+00   0.00e+00   0.00e+00   0.00e+00   0.0%
----------------------------------------------------------------
Total                  4.28e-02   5.83e-02   1.25e-05   1.01e-01 100.0%
                          42.3%      57.7%       0.0%

======================= Slowest Corner ===================================

Group                  Internal  Switching    Leakage      Total
                          Power      Power      Power      Power (Watts)
----------------------------------------------------------------
Sequential             7.54e-03   2.18e-03   6.37e-05   9.78e-03  14.1%
Combinational          2.28e-02   3.67e-02   1.20e-04   5.97e-02  85.9%
Macro                  0.00e+00   0.00e+00   0.00e+00   0.00e+00   0.0%
Pad                    0.00e+00   0.00e+00   0.00e+00   0.00e+00   0.0%
----------------------------------------------------------------
Total                  3.04e-02   3.89e-02   1.84e-04   6.95e-02 100.0%
                          43.7%      56.0%       0.3%

======================= Typical Corner ===================================

Group                  Internal  Switching    Leakage      Total
                          Power      Power      Power      Power (Watts)
----------------------------------------------------------------
Sequential             9.66e-03   2.78e-03   1.22e-05   1.25e-02  14.2%
Combinational          2.84e-02   4.67e-02   2.32e-07   7.51e-02  85.8%
Macro                  0.00e+00   0.00e+00   0.00e+00   0.00e+00   0.0%
Pad                    0.00e+00   0.00e+00   0.00e+00   0.00e+00   0.0%
----------------------------------------------------------------
Total                  3.81e-02   4.95e-02   1.24e-05   8.75e-02 100.0%
                          43.5%      56.5%       0.0%

