
===========================================================================
 report_power
============================================================================
======================= Fastest Corner ===================================

Group                  Internal  Switching    Leakage      Total
                          Power      Power      Power      Power (Watts)
----------------------------------------------------------------
Sequential             1.12e-02   3.14e-03   1.22e-05   1.43e-02  14.7%
Combinational          3.15e-02   5.14e-02   3.54e-07   8.30e-02  85.3%
Macro                  0.00e+00   0.00e+00   0.00e+00   0.00e+00   0.0%
Pad                    0.00e+00   0.00e+00   0.00e+00   0.00e+00   0.0%
----------------------------------------------------------------
Total                  4.27e-02   5.46e-02   1.25e-05   9.73e-02 100.0%
                          43.9%      56.1%       0.0%

======================= Slowest Corner ===================================

Group                  Internal  Switching    Leakage      Total
                          Power      Power      Power      Power (Watts)
----------------------------------------------------------------
Sequential             7.55e-03   2.07e-03   6.37e-05   9.69e-03  14.5%
Combinational          2.28e-02   3.43e-02   1.20e-04   5.73e-02  85.5%
Macro                  0.00e+00   0.00e+00   0.00e+00   0.00e+00   0.0%
Pad                    0.00e+00   0.00e+00   0.00e+00   0.00e+00   0.0%
----------------------------------------------------------------
Total                  3.04e-02   3.64e-02   1.84e-04   6.70e-02 100.0%
                          45.4%      54.3%       0.3%

======================= Typical Corner ===================================

Group                  Internal  Switching    Leakage      Total
                          Power      Power      Power      Power (Watts)
----------------------------------------------------------------
Sequential             9.68e-03   2.64e-03   1.22e-05   1.23e-02  14.6%
Combinational          2.84e-02   4.36e-02   2.30e-07   7.20e-02  85.4%
Macro                  0.00e+00   0.00e+00   0.00e+00   0.00e+00   0.0%
Pad                    0.00e+00   0.00e+00   0.00e+00   0.00e+00   0.0%
----------------------------------------------------------------
Total                  3.81e-02   4.63e-02   1.24e-05   8.44e-02 100.0%
                          45.1%      54.8%       0.0%

