
Magic 8.3 revision 413 - Compiled on Wed Jul 12 10:33:53 UTC 2023.
Starting magic under Tcl interpreter
Using the terminal as the console.
Using NULL graphics device.
Processing system .magicrc file
Sourcing design .magicrc for technology sky130A ...
2 Magic internal units = 1 Lambda
Input style sky130(): scaleFactor=2, multiplier=2
The following types are not handled by extraction and will be treated as non-electrical types:
    ubm 
Scaled tech values by 2 / 1 to match internal grid scaling
Loading sky130A Device Generator Menu ...
Using technology "sky130A", version 1.0.493-0-g0fe599b
Reading LEF data from file /home/alexis/PDKs/sky130A/libs.ref/sky130_fd_sc_hd/techlef/sky130_fd_sc_hd__nom.tlef.
This action cannot be undone.
LEF read, Line 82 (Message): Unknown keyword "ANTENNAMODEL" in LEF file; ignoring.
LEF read, Line 83 (Message): Unknown keyword "ANTENNADIFFSIDEAREARATIO" in LEF file; ignoring.
LEF read, Line 116 (Message): Unknown keyword "MINENCLOSEDAREA" in LEF file; ignoring.
LEF read, Line 118 (Message): Unknown keyword "ANTENNAMODEL" in LEF file; ignoring.
LEF read, Line 119 (Message): Unknown keyword "ANTENNADIFFSIDEAREARATIO" in LEF file; ignoring.
LEF read, Line 125 (Message): Unknown keyword "MAXIMUMDENSITY" in LEF file; ignoring.
LEF read, Line 126 (Message): Unknown keyword "DENSITYCHECKWINDOW" in LEF file; ignoring.
LEF read, Line 127 (Message): Unknown keyword "DENSITYCHECKSTEP" in LEF file; ignoring.
LEF read, Line 160 (Message): Unknown keyword "MINENCLOSEDAREA" in LEF file; ignoring.
LEF read, Line 168 (Message): Unknown keyword "ANTENNAMODEL" in LEF file; ignoring.
LEF read, Line 169 (Message): Unknown keyword "ANTENNADIFFSIDEAREARATIO" in LEF file; ignoring.
LEF read, Line 171 (Message): Unknown keyword "MAXIMUMDENSITY" in LEF file; ignoring.
LEF read, Line 172 (Message): Unknown keyword "DENSITYCHECKWINDOW" in LEF file; ignoring.
LEF read, Line 173 (Message): Unknown keyword "DENSITYCHECKSTEP" in LEF file; ignoring.
LEF read, Line 210 (Message): Unknown keyword "ANTENNAMODEL" in LEF file; ignoring.
LEF read, Line 211 (Message): Unknown keyword "ANTENNADIFFSIDEAREARATIO" in LEF file; ignoring.
LEF read, Line 213 (Message): Unknown keyword "MAXIMUMDENSITY" in LEF file; ignoring.
LEF read, Line 214 (Message): Unknown keyword "DENSITYCHECKWINDOW" in LEF file; ignoring.
LEF read, Line 215 (Message): Unknown keyword "DENSITYCHECKSTEP" in LEF file; ignoring.
LEF read, Line 252 (Message): Unknown keyword "ANTENNAMODEL" in LEF file; ignoring.
LEF read, Line 253 (Message): Unknown keyword "ANTENNADIFFSIDEAREARATIO" in LEF file; ignoring.
LEF read, Line 255 (Message): Unknown keyword "MAXIMUMDENSITY" in LEF file; ignoring.
LEF read, Line 256 (Message): Unknown keyword "DENSITYCHECKWINDOW" in LEF file; ignoring.
LEF read, Line 257 (Message): Unknown keyword "DENSITYCHECKSTEP" in LEF file; ignoring.
LEF read, Line 294 (Message): Unknown keyword "ANTENNAMODEL" in LEF file; ignoring.
LEF read, Line 295 (Message): Unknown keyword "ANTENNADIFFSIDEAREARATIO" in LEF file; ignoring.
LEF read: Processed 801 lines.
Reading DEF data from file /home/alexis/my_asic_projects/secure_asic_top/runs/run_6/results/routing/secure_asic_top.def.
This action cannot be undone.
  Processed 4 vias total.
Cell sky130_fd_sc_hd__diode_2 read from path /home/alexis/PDKs/sky130A/libs.ref/sky130_fd_sc_hd/mag
Cell sky130_fd_sc_hd__decap_3 read from path /home/alexis/PDKs/sky130A/libs.ref/sky130_fd_sc_hd/mag
Cell sky130_fd_sc_hd__decap_8 read from path /home/alexis/PDKs/sky130A/libs.ref/sky130_fd_sc_hd/mag
Cell sky130_fd_sc_hd__fill_1 read from path /home/alexis/PDKs/sky130A/libs.ref/sky130_fd_sc_hd/mag
Cell sky130_fd_sc_hd__fill_2 read from path /home/alexis/PDKs/sky130A/libs.ref/sky130_fd_sc_hd/mag
Cell sky130_fd_sc_hd__decap_6 read from path /home/alexis/PDKs/sky130A/libs.ref/sky130_fd_sc_hd/mag
Cell sky130_fd_sc_hd__decap_4 read from path /home/alexis/PDKs/sky130A/libs.ref/sky130_fd_sc_hd/mag
Cell sky130_fd_sc_hd__tapvpwrvgnd_1 read from path /home/alexis/PDKs/sky130A/libs.ref/sky130_fd_sc_hd/mag
Cell sky130_fd_sc_hd__mux2_1 read from path /home/alexis/PDKs/sky130A/libs.ref/sky130_fd_sc_hd/mag
Cell sky130_fd_sc_hd__mux2_2 read from path /home/alexis/PDKs/sky130A/libs.ref/sky130_fd_sc_hd/mag
Cell sky130_fd_sc_hd__clkbuf_4 read from path /home/alexis/PDKs/sky130A/libs.ref/sky130_fd_sc_hd/mag
Cell sky130_fd_sc_hd__nand2_1 read from path /home/alexis/PDKs/sky130A/libs.ref/sky130_fd_sc_hd/mag
Cell sky130_fd_sc_hd__o21a_1 read from path /home/alexis/PDKs/sky130A/libs.ref/sky130_fd_sc_hd/mag
Cell sky130_fd_sc_hd__a22o_1 read from path /home/alexis/PDKs/sky130A/libs.ref/sky130_fd_sc_hd/mag
Cell sky130_fd_sc_hd__xor2_1 read from path /home/alexis/PDKs/sky130A/libs.ref/sky130_fd_sc_hd/mag
Cell sky130_fd_sc_hd__o31ai_1 read from path /home/alexis/PDKs/sky130A/libs.ref/sky130_fd_sc_hd/mag
Cell sky130_fd_sc_hd__nor2_1 read from path /home/alexis/PDKs/sky130A/libs.ref/sky130_fd_sc_hd/mag
Cell sky130_fd_sc_hd__o221a_1 read from path /home/alexis/PDKs/sky130A/libs.ref/sky130_fd_sc_hd/mag
Cell sky130_fd_sc_hd__a21o_1 read from path /home/alexis/PDKs/sky130A/libs.ref/sky130_fd_sc_hd/mag
Cell sky130_fd_sc_hd__and2_1 read from path /home/alexis/PDKs/sky130A/libs.ref/sky130_fd_sc_hd/mag
Cell sky130_fd_sc_hd__a221o_1 read from path /home/alexis/PDKs/sky130A/libs.ref/sky130_fd_sc_hd/mag
Cell sky130_fd_sc_hd__o21ai_1 read from path /home/alexis/PDKs/sky130A/libs.ref/sky130_fd_sc_hd/mag
Cell sky130_fd_sc_hd__a31oi_1 read from path /home/alexis/PDKs/sky130A/libs.ref/sky130_fd_sc_hd/mag
Cell sky130_fd_sc_hd__a2bb2o_1 read from path /home/alexis/PDKs/sky130A/libs.ref/sky130_fd_sc_hd/mag
Cell sky130_fd_sc_hd__a311o_1 read from path /home/alexis/PDKs/sky130A/libs.ref/sky130_fd_sc_hd/mag
Cell sky130_fd_sc_hd__o211a_1 read from path /home/alexis/PDKs/sky130A/libs.ref/sky130_fd_sc_hd/mag
Cell sky130_fd_sc_hd__nand3_1 read from path /home/alexis/PDKs/sky130A/libs.ref/sky130_fd_sc_hd/mag
Cell sky130_fd_sc_hd__a21oi_1 read from path /home/alexis/PDKs/sky130A/libs.ref/sky130_fd_sc_hd/mag
Cell sky130_fd_sc_hd__a31o_1 read from path /home/alexis/PDKs/sky130A/libs.ref/sky130_fd_sc_hd/mag
Cell sky130_fd_sc_hd__or2_1 read from path /home/alexis/PDKs/sky130A/libs.ref/sky130_fd_sc_hd/mag
Cell sky130_fd_sc_hd__o32a_1 read from path /home/alexis/PDKs/sky130A/libs.ref/sky130_fd_sc_hd/mag
Cell sky130_fd_sc_hd__a32o_1 read from path /home/alexis/PDKs/sky130A/libs.ref/sky130_fd_sc_hd/mag
Cell sky130_fd_sc_hd__mux4_1 read from path /home/alexis/PDKs/sky130A/libs.ref/sky130_fd_sc_hd/mag
Cell sky130_fd_sc_hd__and2b_1 read from path /home/alexis/PDKs/sky130A/libs.ref/sky130_fd_sc_hd/mag
Cell sky130_fd_sc_hd__a21oi_4 read from path /home/alexis/PDKs/sky130A/libs.ref/sky130_fd_sc_hd/mag
Cell sky130_fd_sc_hd__xnor2_1 read from path /home/alexis/PDKs/sky130A/libs.ref/sky130_fd_sc_hd/mag
Cell sky130_fd_sc_hd__clkbuf_1 read from path /home/alexis/PDKs/sky130A/libs.ref/sky130_fd_sc_hd/mag
Cell sky130_fd_sc_hd__o22a_1 read from path /home/alexis/PDKs/sky130A/libs.ref/sky130_fd_sc_hd/mag
Cell sky130_fd_sc_hd__o2bb2a_1 read from path /home/alexis/PDKs/sky130A/libs.ref/sky130_fd_sc_hd/mag
Cell sky130_fd_sc_hd__inv_2 read from path /home/alexis/PDKs/sky130A/libs.ref/sky130_fd_sc_hd/mag
Cell sky130_fd_sc_hd__a41o_1 read from path /home/alexis/PDKs/sky130A/libs.ref/sky130_fd_sc_hd/mag
Cell sky130_fd_sc_hd__or4b_1 read from path /home/alexis/PDKs/sky130A/libs.ref/sky130_fd_sc_hd/mag
Cell sky130_fd_sc_hd__o311a_1 read from path /home/alexis/PDKs/sky130A/libs.ref/sky130_fd_sc_hd/mag
Cell sky130_fd_sc_hd__a211o_1 read from path /home/alexis/PDKs/sky130A/libs.ref/sky130_fd_sc_hd/mag
Cell sky130_fd_sc_hd__clkbuf_8 read from path /home/alexis/PDKs/sky130A/libs.ref/sky130_fd_sc_hd/mag
Cell sky130_fd_sc_hd__xnor2_2 read from path /home/alexis/PDKs/sky130A/libs.ref/sky130_fd_sc_hd/mag
Cell sky130_fd_sc_hd__buf_6 read from path /home/alexis/PDKs/sky130A/libs.ref/sky130_fd_sc_hd/mag
Cell sky130_fd_sc_hd__nand2_2 read from path /home/alexis/PDKs/sky130A/libs.ref/sky130_fd_sc_hd/mag
Cell sky130_fd_sc_hd__buf_4 read from path /home/alexis/PDKs/sky130A/libs.ref/sky130_fd_sc_hd/mag
Cell sky130_fd_sc_hd__xor2_2 read from path /home/alexis/PDKs/sky130A/libs.ref/sky130_fd_sc_hd/mag
Cell sky130_fd_sc_hd__nor2_8 read from path /home/alexis/PDKs/sky130A/libs.ref/sky130_fd_sc_hd/mag
Cell sky130_fd_sc_hd__xor2_4 read from path /home/alexis/PDKs/sky130A/libs.ref/sky130_fd_sc_hd/mag
Cell sky130_fd_sc_hd__buf_8 read from path /home/alexis/PDKs/sky130A/libs.ref/sky130_fd_sc_hd/mag
Cell sky130_fd_sc_hd__mux2_4 read from path /home/alexis/PDKs/sky130A/libs.ref/sky130_fd_sc_hd/mag
Cell sky130_fd_sc_hd__a22o_2 read from path /home/alexis/PDKs/sky130A/libs.ref/sky130_fd_sc_hd/mag
Cell sky130_fd_sc_hd__xnor2_4 read from path /home/alexis/PDKs/sky130A/libs.ref/sky130_fd_sc_hd/mag
Cell sky130_fd_sc_hd__a22o_4 read from path /home/alexis/PDKs/sky130A/libs.ref/sky130_fd_sc_hd/mag
Cell sky130_fd_sc_hd__a31o_2 read from path /home/alexis/PDKs/sky130A/libs.ref/sky130_fd_sc_hd/mag
Cell sky130_fd_sc_hd__or4b_2 read from path /home/alexis/PDKs/sky130A/libs.ref/sky130_fd_sc_hd/mag
Cell sky130_fd_sc_hd__or2_2 read from path /home/alexis/PDKs/sky130A/libs.ref/sky130_fd_sc_hd/mag
Cell sky130_fd_sc_hd__or2b_1 read from path /home/alexis/PDKs/sky130A/libs.ref/sky130_fd_sc_hd/mag
Cell sky130_fd_sc_hd__or4_2 read from path /home/alexis/PDKs/sky130A/libs.ref/sky130_fd_sc_hd/mag
Cell sky130_fd_sc_hd__or4_1 read from path /home/alexis/PDKs/sky130A/libs.ref/sky130_fd_sc_hd/mag
Cell sky130_fd_sc_hd__nor3_2 read from path /home/alexis/PDKs/sky130A/libs.ref/sky130_fd_sc_hd/mag
Cell sky130_fd_sc_hd__or2_4 read from path /home/alexis/PDKs/sky130A/libs.ref/sky130_fd_sc_hd/mag
Cell sky130_fd_sc_hd__o21a_4 read from path /home/alexis/PDKs/sky130A/libs.ref/sky130_fd_sc_hd/mag
Cell sky130_fd_sc_hd__and2_4 read from path /home/alexis/PDKs/sky130A/libs.ref/sky130_fd_sc_hd/mag
Cell sky130_fd_sc_hd__o22a_4 read from path /home/alexis/PDKs/sky130A/libs.ref/sky130_fd_sc_hd/mag
Cell sky130_fd_sc_hd__o32a_4 read from path /home/alexis/PDKs/sky130A/libs.ref/sky130_fd_sc_hd/mag
Cell sky130_fd_sc_hd__and3b_1 read from path /home/alexis/PDKs/sky130A/libs.ref/sky130_fd_sc_hd/mag
Cell sky130_fd_sc_hd__and4b_1 read from path /home/alexis/PDKs/sky130A/libs.ref/sky130_fd_sc_hd/mag
Cell sky130_fd_sc_hd__buf_2 read from path /home/alexis/PDKs/sky130A/libs.ref/sky130_fd_sc_hd/mag
Cell sky130_fd_sc_hd__or3_2 read from path /home/alexis/PDKs/sky130A/libs.ref/sky130_fd_sc_hd/mag
Cell sky130_fd_sc_hd__or3_1 read from path /home/alexis/PDKs/sky130A/libs.ref/sky130_fd_sc_hd/mag
Cell sky130_fd_sc_hd__o2111a_1 read from path /home/alexis/PDKs/sky130A/libs.ref/sky130_fd_sc_hd/mag
Cell sky130_fd_sc_hd__and4_1 read from path /home/alexis/PDKs/sky130A/libs.ref/sky130_fd_sc_hd/mag
Cell sky130_fd_sc_hd__a21bo_1 read from path /home/alexis/PDKs/sky130A/libs.ref/sky130_fd_sc_hd/mag
Cell sky130_fd_sc_hd__o31a_1 read from path /home/alexis/PDKs/sky130A/libs.ref/sky130_fd_sc_hd/mag
Cell sky130_fd_sc_hd__and3_1 read from path /home/alexis/PDKs/sky130A/libs.ref/sky130_fd_sc_hd/mag
Cell sky130_fd_sc_hd__nor3_1 read from path /home/alexis/PDKs/sky130A/libs.ref/sky130_fd_sc_hd/mag
Cell sky130_fd_sc_hd__and4bb_1 read from path /home/alexis/PDKs/sky130A/libs.ref/sky130_fd_sc_hd/mag
Cell sky130_fd_sc_hd__a311oi_1 read from path /home/alexis/PDKs/sky130A/libs.ref/sky130_fd_sc_hd/mag
Cell sky130_fd_sc_hd__o21ba_1 read from path /home/alexis/PDKs/sky130A/libs.ref/sky130_fd_sc_hd/mag
Cell sky130_fd_sc_hd__o41a_1 read from path /home/alexis/PDKs/sky130A/libs.ref/sky130_fd_sc_hd/mag
Cell sky130_fd_sc_hd__nor2_2 read from path /home/alexis/PDKs/sky130A/libs.ref/sky130_fd_sc_hd/mag
Cell sky130_fd_sc_hd__mux4_2 read from path /home/alexis/PDKs/sky130A/libs.ref/sky130_fd_sc_hd/mag
Cell sky130_fd_sc_hd__nor3b_1 read from path /home/alexis/PDKs/sky130A/libs.ref/sky130_fd_sc_hd/mag
Cell sky130_fd_sc_hd__o21ai_4 read from path /home/alexis/PDKs/sky130A/libs.ref/sky130_fd_sc_hd/mag
Cell sky130_fd_sc_hd__nor3_4 read from path /home/alexis/PDKs/sky130A/libs.ref/sky130_fd_sc_hd/mag
Cell sky130_fd_sc_hd__o21a_2 read from path /home/alexis/PDKs/sky130A/libs.ref/sky130_fd_sc_hd/mag
Cell sky130_fd_sc_hd__nand2_4 read from path /home/alexis/PDKs/sky130A/libs.ref/sky130_fd_sc_hd/mag
Cell sky130_fd_sc_hd__a211o_2 read from path /home/alexis/PDKs/sky130A/libs.ref/sky130_fd_sc_hd/mag
Cell sky130_fd_sc_hd__or4_4 read from path /home/alexis/PDKs/sky130A/libs.ref/sky130_fd_sc_hd/mag
Cell sky130_fd_sc_hd__o22ai_2 read from path /home/alexis/PDKs/sky130A/libs.ref/sky130_fd_sc_hd/mag
Cell sky130_fd_sc_hd__o22ai_1 read from path /home/alexis/PDKs/sky130A/libs.ref/sky130_fd_sc_hd/mag
Cell sky130_fd_sc_hd__a2111o_1 read from path /home/alexis/PDKs/sky130A/libs.ref/sky130_fd_sc_hd/mag
Cell sky130_fd_sc_hd__o21ai_2 read from path /home/alexis/PDKs/sky130A/libs.ref/sky130_fd_sc_hd/mag
Cell sky130_fd_sc_hd__nand2_8 read from path /home/alexis/PDKs/sky130A/libs.ref/sky130_fd_sc_hd/mag
Cell sky130_fd_sc_hd__a22oi_1 read from path /home/alexis/PDKs/sky130A/libs.ref/sky130_fd_sc_hd/mag
Cell sky130_fd_sc_hd__or3b_1 read from path /home/alexis/PDKs/sky130A/libs.ref/sky130_fd_sc_hd/mag
Cell sky130_fd_sc_hd__a221o_2 read from path /home/alexis/PDKs/sky130A/libs.ref/sky130_fd_sc_hd/mag
Cell sky130_fd_sc_hd__o32ai_4 read from path /home/alexis/PDKs/sky130A/libs.ref/sky130_fd_sc_hd/mag
Cell sky130_fd_sc_hd__a2111o_2 read from path /home/alexis/PDKs/sky130A/libs.ref/sky130_fd_sc_hd/mag
Cell sky130_fd_sc_hd__o22ai_4 read from path /home/alexis/PDKs/sky130A/libs.ref/sky130_fd_sc_hd/mag
Cell sky130_fd_sc_hd__a221oi_2 read from path /home/alexis/PDKs/sky130A/libs.ref/sky130_fd_sc_hd/mag
Cell sky130_fd_sc_hd__a221oi_1 read from path /home/alexis/PDKs/sky130A/libs.ref/sky130_fd_sc_hd/mag
Cell sky130_fd_sc_hd__nand4_1 read from path /home/alexis/PDKs/sky130A/libs.ref/sky130_fd_sc_hd/mag
Cell sky130_fd_sc_hd__o22a_2 read from path /home/alexis/PDKs/sky130A/libs.ref/sky130_fd_sc_hd/mag
Cell sky130_fd_sc_hd__clkbuf_16 read from path /home/alexis/PDKs/sky130A/libs.ref/sky130_fd_sc_hd/mag
Cell sky130_fd_sc_hd__o221ai_2 read from path /home/alexis/PDKs/sky130A/libs.ref/sky130_fd_sc_hd/mag
Cell sky130_fd_sc_hd__a21boi_1 read from path /home/alexis/PDKs/sky130A/libs.ref/sky130_fd_sc_hd/mag
Cell sky130_fd_sc_hd__and2_2 read from path /home/alexis/PDKs/sky130A/libs.ref/sky130_fd_sc_hd/mag
Cell sky130_fd_sc_hd__o211ai_1 read from path /home/alexis/PDKs/sky130A/libs.ref/sky130_fd_sc_hd/mag
Cell sky130_fd_sc_hd__o221ai_1 read from path /home/alexis/PDKs/sky130A/libs.ref/sky130_fd_sc_hd/mag
Cell sky130_fd_sc_hd__a22oi_2 read from path /home/alexis/PDKs/sky130A/libs.ref/sky130_fd_sc_hd/mag
Cell sky130_fd_sc_hd__or4bb_1 read from path /home/alexis/PDKs/sky130A/libs.ref/sky130_fd_sc_hd/mag
Cell sky130_fd_sc_hd__nor4_1 read from path /home/alexis/PDKs/sky130A/libs.ref/sky130_fd_sc_hd/mag
Cell sky130_fd_sc_hd__buf_12 read from path /home/alexis/PDKs/sky130A/libs.ref/sky130_fd_sc_hd/mag
Cell sky130_fd_sc_hd__o32a_2 read from path /home/alexis/PDKs/sky130A/libs.ref/sky130_fd_sc_hd/mag
Cell sky130_fd_sc_hd__nand4_2 read from path /home/alexis/PDKs/sky130A/libs.ref/sky130_fd_sc_hd/mag
Cell sky130_fd_sc_hd__o2111ai_4 read from path /home/alexis/PDKs/sky130A/libs.ref/sky130_fd_sc_hd/mag
Cell sky130_fd_sc_hd__or3_4 read from path /home/alexis/PDKs/sky130A/libs.ref/sky130_fd_sc_hd/mag
Cell sky130_fd_sc_hd__a31oi_4 read from path /home/alexis/PDKs/sky130A/libs.ref/sky130_fd_sc_hd/mag
Cell sky130_fd_sc_hd__or3b_2 read from path /home/alexis/PDKs/sky130A/libs.ref/sky130_fd_sc_hd/mag
Cell sky130_fd_sc_hd__o31a_4 read from path /home/alexis/PDKs/sky130A/libs.ref/sky130_fd_sc_hd/mag
Cell sky130_fd_sc_hd__o211a_2 read from path /home/alexis/PDKs/sky130A/libs.ref/sky130_fd_sc_hd/mag
Cell sky130_fd_sc_hd__nor2_4 read from path /home/alexis/PDKs/sky130A/libs.ref/sky130_fd_sc_hd/mag
Cell sky130_fd_sc_hd__clkbuf_2 read from path /home/alexis/PDKs/sky130A/libs.ref/sky130_fd_sc_hd/mag
Cell sky130_fd_sc_hd__a311o_4 read from path /home/alexis/PDKs/sky130A/libs.ref/sky130_fd_sc_hd/mag
Cell sky130_fd_sc_hd__nor3b_4 read from path /home/alexis/PDKs/sky130A/libs.ref/sky130_fd_sc_hd/mag
Cell sky130_fd_sc_hd__o21bai_1 read from path /home/alexis/PDKs/sky130A/libs.ref/sky130_fd_sc_hd/mag
Cell sky130_fd_sc_hd__and3_2 read from path /home/alexis/PDKs/sky130A/libs.ref/sky130_fd_sc_hd/mag
Cell sky130_fd_sc_hd__and3b_2 read from path /home/alexis/PDKs/sky130A/libs.ref/sky130_fd_sc_hd/mag
Cell sky130_fd_sc_hd__nand3_2 read from path /home/alexis/PDKs/sky130A/libs.ref/sky130_fd_sc_hd/mag
Cell sky130_fd_sc_hd__a21o_2 read from path /home/alexis/PDKs/sky130A/libs.ref/sky130_fd_sc_hd/mag
Cell sky130_fd_sc_hd__a2bb2o_2 read from path /home/alexis/PDKs/sky130A/libs.ref/sky130_fd_sc_hd/mag
Cell sky130_fd_sc_hd__a211o_4 read from path /home/alexis/PDKs/sky130A/libs.ref/sky130_fd_sc_hd/mag
Cell sky130_fd_sc_hd__o211ai_4 read from path /home/alexis/PDKs/sky130A/libs.ref/sky130_fd_sc_hd/mag
Cell sky130_fd_sc_hd__nand2b_2 read from path /home/alexis/PDKs/sky130A/libs.ref/sky130_fd_sc_hd/mag
Cell sky130_fd_sc_hd__nand3b_2 read from path /home/alexis/PDKs/sky130A/libs.ref/sky130_fd_sc_hd/mag
Cell sky130_fd_sc_hd__nor2b_2 read from path /home/alexis/PDKs/sky130A/libs.ref/sky130_fd_sc_hd/mag
Cell sky130_fd_sc_hd__nor3b_2 read from path /home/alexis/PDKs/sky130A/libs.ref/sky130_fd_sc_hd/mag
Cell sky130_fd_sc_hd__o2bb2a_2 read from path /home/alexis/PDKs/sky130A/libs.ref/sky130_fd_sc_hd/mag
Cell sky130_fd_sc_hd__nor2b_4 read from path /home/alexis/PDKs/sky130A/libs.ref/sky130_fd_sc_hd/mag
Cell sky130_fd_sc_hd__a211oi_2 read from path /home/alexis/PDKs/sky130A/libs.ref/sky130_fd_sc_hd/mag
Cell sky130_fd_sc_hd__clkinv_4 read from path /home/alexis/PDKs/sky130A/libs.ref/sky130_fd_sc_hd/mag
Cell sky130_fd_sc_hd__a211oi_1 read from path /home/alexis/PDKs/sky130A/libs.ref/sky130_fd_sc_hd/mag
Cell sky130_fd_sc_hd__or3b_4 read from path /home/alexis/PDKs/sky130A/libs.ref/sky130_fd_sc_hd/mag
Cell sky130_fd_sc_hd__nand2b_4 read from path /home/alexis/PDKs/sky130A/libs.ref/sky130_fd_sc_hd/mag
Cell sky130_fd_sc_hd__a21boi_4 read from path /home/alexis/PDKs/sky130A/libs.ref/sky130_fd_sc_hd/mag
Cell sky130_fd_sc_hd__a21bo_2 read from path /home/alexis/PDKs/sky130A/libs.ref/sky130_fd_sc_hd/mag
Cell sky130_fd_sc_hd__o2bb2a_4 read from path /home/alexis/PDKs/sky130A/libs.ref/sky130_fd_sc_hd/mag
Cell sky130_fd_sc_hd__a31o_4 read from path /home/alexis/PDKs/sky130A/libs.ref/sky130_fd_sc_hd/mag
Cell sky130_fd_sc_hd__inv_4 read from path /home/alexis/PDKs/sky130A/libs.ref/sky130_fd_sc_hd/mag
Cell sky130_fd_sc_hd__or2b_2 read from path /home/alexis/PDKs/sky130A/libs.ref/sky130_fd_sc_hd/mag
Cell sky130_fd_sc_hd__a21oi_2 read from path /home/alexis/PDKs/sky130A/libs.ref/sky130_fd_sc_hd/mag
Cell sky130_fd_sc_hd__a2bb2o_4 read from path /home/alexis/PDKs/sky130A/libs.ref/sky130_fd_sc_hd/mag
Cell sky130_fd_sc_hd__a21o_4 read from path /home/alexis/PDKs/sky130A/libs.ref/sky130_fd_sc_hd/mag
Cell sky130_fd_sc_hd__o32ai_1 read from path /home/alexis/PDKs/sky130A/libs.ref/sky130_fd_sc_hd/mag
Cell sky130_fd_sc_hd__a311oi_2 read from path /home/alexis/PDKs/sky130A/libs.ref/sky130_fd_sc_hd/mag
Cell sky130_fd_sc_hd__o211ai_2 read from path /home/alexis/PDKs/sky130A/libs.ref/sky130_fd_sc_hd/mag
Cell sky130_fd_sc_hd__o2111ai_1 read from path /home/alexis/PDKs/sky130A/libs.ref/sky130_fd_sc_hd/mag
Cell sky130_fd_sc_hd__and2b_2 read from path /home/alexis/PDKs/sky130A/libs.ref/sky130_fd_sc_hd/mag
Cell sky130_fd_sc_hd__o311ai_1 read from path /home/alexis/PDKs/sky130A/libs.ref/sky130_fd_sc_hd/mag
Cell sky130_fd_sc_hd__o31ai_4 read from path /home/alexis/PDKs/sky130A/libs.ref/sky130_fd_sc_hd/mag
Cell sky130_fd_sc_hd__a32oi_1 read from path /home/alexis/PDKs/sky130A/libs.ref/sky130_fd_sc_hd/mag
Cell sky130_fd_sc_hd__o221ai_4 read from path /home/alexis/PDKs/sky130A/libs.ref/sky130_fd_sc_hd/mag
Cell sky130_fd_sc_hd__o21ba_4 read from path /home/alexis/PDKs/sky130A/libs.ref/sky130_fd_sc_hd/mag
Cell sky130_fd_sc_hd__o311ai_4 read from path /home/alexis/PDKs/sky130A/libs.ref/sky130_fd_sc_hd/mag
Cell sky130_fd_sc_hd__o21ba_2 read from path /home/alexis/PDKs/sky130A/libs.ref/sky130_fd_sc_hd/mag
Cell sky130_fd_sc_hd__a21bo_4 read from path /home/alexis/PDKs/sky130A/libs.ref/sky130_fd_sc_hd/mag
Cell sky130_fd_sc_hd__dfrtp_1 read from path /home/alexis/PDKs/sky130A/libs.ref/sky130_fd_sc_hd/mag
Cell sky130_fd_sc_hd__dfrtp_4 read from path /home/alexis/PDKs/sky130A/libs.ref/sky130_fd_sc_hd/mag
Cell sky130_fd_sc_hd__dfrtp_2 read from path /home/alexis/PDKs/sky130A/libs.ref/sky130_fd_sc_hd/mag
Cell sky130_fd_sc_hd__dfxtp_1 read from path /home/alexis/PDKs/sky130A/libs.ref/sky130_fd_sc_hd/mag
Cell sky130_fd_sc_hd__dfxtp_2 read from path /home/alexis/PDKs/sky130A/libs.ref/sky130_fd_sc_hd/mag
Cell sky130_fd_sc_hd__dfxtp_4 read from path /home/alexis/PDKs/sky130A/libs.ref/sky130_fd_sc_hd/mag
Cell sky130_fd_sc_hd__dfstp_1 read from path /home/alexis/PDKs/sky130A/libs.ref/sky130_fd_sc_hd/mag
Cell sky130_fd_sc_hd__dfstp_2 read from path /home/alexis/PDKs/sky130A/libs.ref/sky130_fd_sc_hd/mag
Cell sky130_fd_sc_hd__conb_1 read from path /home/alexis/PDKs/sky130A/libs.ref/sky130_fd_sc_hd/mag
Cell sky130_fd_sc_hd__dlygate4sd3_1 read from path /home/alexis/PDKs/sky130A/libs.ref/sky130_fd_sc_hd/mag
Cell sky130_fd_sc_hd__dlymetal6s2s_1 read from path /home/alexis/PDKs/sky130A/libs.ref/sky130_fd_sc_hd/mag
Cell sky130_fd_sc_hd__buf_1 read from path /home/alexis/PDKs/sky130A/libs.ref/sky130_fd_sc_hd/mag
Cell sky130_fd_sc_hd__clkdlybuf4s25_1 read from path /home/alexis/PDKs/sky130A/libs.ref/sky130_fd_sc_hd/mag
  Processed 108939 subcell instances total.
  Processed 9 pins total.
  Processed 2 special nets total.
  Processed 26262 nets total.
DEF read: Processed 639201 lines.
Moving label "_00231_" from metal1 to via1 in cell secure_asic_top.
Moving label "_00236_" from metal1 to via1 in cell secure_asic_top.
Moving label "_00239_" from metal1 to via1 in cell secure_asic_top.
Moving label "_00240_" from metal1 to via1 in cell secure_asic_top.
Moving label "_00251_" from metal1 to via1 in cell secure_asic_top.
Moving label "_00276_" from metal1 to via1 in cell secure_asic_top.
Moving label "_00301_" from metal1 to via1 in cell secure_asic_top.
Moving label "_00306_" from metal1 to via1 in cell secure_asic_top.
Moving label "_00307_" from metal1 to via1 in cell secure_asic_top.
Moving label "_00318_" from metal1 to via1 in cell secure_asic_top.
Moving label "_00323_" from metal1 to via1 in cell secure_asic_top.
Moving label "_00335_" from metal1 to via1 in cell secure_asic_top.
Moving label "_00364_" from metal1 to viali in cell secure_asic_top.
Moving label "_00369_" from metal1 to via1 in cell secure_asic_top.
Moving label "_00372_" from metal1 to via1 in cell secure_asic_top.
Moving label "_00376_" from metal1 to via1 in cell secure_asic_top.
Moving label "_00378_" from metal1 to via1 in cell secure_asic_top.
Moving label "_00382_" from metal1 to via1 in cell secure_asic_top.
Moving label "_00389_" from metal1 to via1 in cell secure_asic_top.
Moving label "_00391_" from metal1 to via1 in cell secure_asic_top.
Moving label "_00403_" from metal1 to via1 in cell secure_asic_top.
Moving label "_00406_" from metal1 to via1 in cell secure_asic_top.
Moving label "_00413_" from metal1 to via1 in cell secure_asic_top.
Moving label "_00414_" from metal1 to via1 in cell secure_asic_top.
Moving label "_00417_" from metal1 to via1 in cell secure_asic_top.
Moving label "_00421_" from metal1 to viali in cell secure_asic_top.
Moving label "_00423_" from metal1 to via1 in cell secure_asic_top.
Moving label "_00425_" from metal1 to via1 in cell secure_asic_top.
Moving label "_00430_" from metal1 to via1 in cell secure_asic_top.
Moving label "_00435_" from metal1 to via1 in cell secure_asic_top.
Moving label "_00437_" from metal1 to via1 in cell secure_asic_top.
Moving label "_00455_" from metal1 to via1 in cell secure_asic_top.
Moving label "_00456_" from metal1 to via1 in cell secure_asic_top.
Moving label "_00461_" from metal1 to via1 in cell secure_asic_top.
Moving label "_00464_" from metal1 to via1 in cell secure_asic_top.
Moving label "_00480_" from metal1 to via1 in cell secure_asic_top.
Moving label "_00486_" from metal1 to via1 in cell secure_asic_top.
Moving label "_00491_" from metal1 to via1 in cell secure_asic_top.
Moving label "_00505_" from metal1 to via1 in cell secure_asic_top.
Moving label "_00515_" from metal1 to via1 in cell secure_asic_top.
Moving label "_00519_" from metal1 to via1 in cell secure_asic_top.
Moving label "_00520_" from metal1 to via1 in cell secure_asic_top.
Moving label "_00527_" from metal1 to via1 in cell secure_asic_top.
Moving label "_00528_" from metal1 to via1 in cell secure_asic_top.
Moving label "_00538_" from metal1 to via1 in cell secure_asic_top.
Moving label "_00553_" from metal1 to via1 in cell secure_asic_top.
Moving label "_00555_" from metal1 to via1 in cell secure_asic_top.
Moving label "_00563_" from metal1 to via1 in cell secure_asic_top.
Moving label "_00565_" from metal1 to via1 in cell secure_asic_top.
Moving label "_00581_" from metal1 to via1 in cell secure_asic_top.
Moving label "_00589_" from metal1 to via1 in cell secure_asic_top.
Moving label "_00590_" from metal1 to via1 in cell secure_asic_top.
Moving label "_00591_" from metal1 to via1 in cell secure_asic_top.
Moving label "_00592_" from metal1 to via1 in cell secure_asic_top.
Moving label "_00605_" from metal1 to via1 in cell secure_asic_top.
Moving label "_00606_" from metal1 to via1 in cell secure_asic_top.
Moving label "_00609_" from metal1 to via1 in cell secure_asic_top.
Moving label "_00616_" from metal1 to viali in cell secure_asic_top.
Moving label "_00618_" from metal1 to via1 in cell secure_asic_top.
Moving label "_00626_" from metal1 to via1 in cell secure_asic_top.
Moving label "_00627_" from metal1 to via1 in cell secure_asic_top.
Moving label "_00628_" from metal1 to via1 in cell secure_asic_top.
Moving label "_00629_" from metal1 to via1 in cell secure_asic_top.
Moving label "_00633_" from metal1 to via1 in cell secure_asic_top.
Moving label "_00644_" from metal1 to via1 in cell secure_asic_top.
Moving label "_00647_" from metal1 to via1 in cell secure_asic_top.
Moving label "_00650_" from metal1 to viali in cell secure_asic_top.
Moving label "_00652_" from metal1 to via1 in cell secure_asic_top.
Moving label "_00657_" from metal1 to via1 in cell secure_asic_top.
Moving label "_00659_" from metal1 to via1 in cell secure_asic_top.
Moving label "_00665_" from metal1 to via1 in cell secure_asic_top.
Moving label "_00667_" from metal1 to via1 in cell secure_asic_top.
Moving label "_00672_" from metal1 to via1 in cell secure_asic_top.
Moving label "_00673_" from metal1 to via1 in cell secure_asic_top.
Moving label "_00677_" from metal1 to via1 in cell secure_asic_top.
Moving label "_00682_" from metal1 to via1 in cell secure_asic_top.
Moving label "_00693_" from metal1 to via1 in cell secure_asic_top.
Moving label "_00700_" from metal1 to via1 in cell secure_asic_top.
Moving label "_00707_" from metal1 to viali in cell secure_asic_top.
Moving label "_00710_" from metal1 to via1 in cell secure_asic_top.
Moving label "_00713_" from metal1 to via1 in cell secure_asic_top.
Moving label "_00716_" from metal1 to via1 in cell secure_asic_top.
Moving label "_00723_" from metal1 to via1 in cell secure_asic_top.
Moving label "_00727_" from metal1 to via1 in cell secure_asic_top.
Moving label "_00733_" from metal1 to via1 in cell secure_asic_top.
Moving label "_00742_" from metal1 to via1 in cell secure_asic_top.
Moving label "_00743_" from metal1 to via1 in cell secure_asic_top.
Moving label "_00776_" from metal1 to via1 in cell secure_asic_top.
Moving label "_00780_" from metal1 to via1 in cell secure_asic_top.
Moving label "_00786_" from metal1 to via1 in cell secure_asic_top.
Moving label "_00790_" from metal1 to viali in cell secure_asic_top.
Moving label "_00791_" from metal1 to via1 in cell secure_asic_top.
Moving label "_00798_" from metal1 to via1 in cell secure_asic_top.
Moving label "_00814_" from metal1 to via1 in cell secure_asic_top.
Moving label "_00816_" from metal1 to via1 in cell secure_asic_top.
Moving label "_00817_" from metal1 to viali in cell secure_asic_top.
Moving label "_00821_" from metal1 to via1 in cell secure_asic_top.
Moving label "_00824_" from metal1 to via1 in cell secure_asic_top.
Moving label "_00831_" from metal1 to via1 in cell secure_asic_top.
Moving label "_00834_" from metal1 to via1 in cell secure_asic_top.
Moving label "_00847_" from metal1 to via1 in cell secure_asic_top.
Moving label "_00864_" from metal1 to via1 in cell secure_asic_top.
Moving label "_00865_" from metal1 to via1 in cell secure_asic_top.
Moving label "_00866_" from metal1 to via1 in cell secure_asic_top.
Moving label "_00874_" from metal1 to via1 in cell secure_asic_top.
Moving label "_00877_" from metal1 to via1 in cell secure_asic_top.
Moving label "_00883_" from metal1 to via1 in cell secure_asic_top.
Moving label "_00885_" from metal1 to via1 in cell secure_asic_top.
Moving label "_00887_" from metal1 to via1 in cell secure_asic_top.
Moving label "_00897_" from metal1 to via1 in cell secure_asic_top.
Moving label "_00898_" from metal1 to via1 in cell secure_asic_top.
Moving label "_00901_" from metal1 to via1 in cell secure_asic_top.
Moving label "_00903_" from metal1 to via1 in cell secure_asic_top.
Moving label "_00905_" from metal1 to via1 in cell secure_asic_top.
Moving label "_00907_" from metal1 to via1 in cell secure_asic_top.
Moving label "_00909_" from metal1 to via1 in cell secure_asic_top.
Moving label "_00913_" from metal1 to via1 in cell secure_asic_top.
Moving label "_00918_" from metal1 to via1 in cell secure_asic_top.
Moving label "_00920_" from metal1 to via1 in cell secure_asic_top.
Moving label "_00922_" from metal1 to via1 in cell secure_asic_top.
Moving label "_00924_" from metal1 to via1 in cell secure_asic_top.
Moving label "_00928_" from metal1 to via1 in cell secure_asic_top.
Moving label "_00929_" from metal1 to via1 in cell secure_asic_top.
Moving label "_00932_" from metal1 to via1 in cell secure_asic_top.
Moving label "_00935_" from metal1 to via1 in cell secure_asic_top.
Moving label "_00939_" from metal1 to via1 in cell secure_asic_top.
Moving label "_00942_" from metal1 to via1 in cell secure_asic_top.
Moving label "_00943_" from metal1 to via1 in cell secure_asic_top.
Moving label "_00945_" from metal1 to via1 in cell secure_asic_top.
Moving label "_00946_" from metal1 to via1 in cell secure_asic_top.
Moving label "_00951_" from metal1 to via1 in cell secure_asic_top.
Moving label "_00954_" from metal1 to via1 in cell secure_asic_top.
Moving label "_00958_" from metal1 to via1 in cell secure_asic_top.
Moving label "_00960_" from metal1 to via1 in cell secure_asic_top.
Moving label "_00962_" from metal1 to via1 in cell secure_asic_top.
Moving label "_00973_" from metal1 to via1 in cell secure_asic_top.
Moving label "_00979_" from metal1 to viali in cell secure_asic_top.
Moving label "_00984_" from metal1 to via1 in cell secure_asic_top.
Moving label "_00992_" from metal1 to via1 in cell secure_asic_top.
Moving label "_00993_" from metal1 to via1 in cell secure_asic_top.
Moving label "_00994_" from metal1 to via1 in cell secure_asic_top.
Moving label "_00997_" from metal1 to via1 in cell secure_asic_top.
Moving label "_01001_" from metal1 to via1 in cell secure_asic_top.
Moving label "_01010_" from metal1 to via1 in cell secure_asic_top.
Moving label "_01017_" from metal1 to viali in cell secure_asic_top.
Moving label "_01020_" from metal1 to via1 in cell secure_asic_top.
Moving label "_01027_" from metal1 to via1 in cell secure_asic_top.
Moving label "_01036_" from metal1 to via1 in cell secure_asic_top.
Moving label "_01041_" from metal1 to via1 in cell secure_asic_top.
Moving label "_01042_" from metal1 to via1 in cell secure_asic_top.
Moving label "_01043_" from metal1 to via1 in cell secure_asic_top.
Moving label "_01047_" from metal1 to via1 in cell secure_asic_top.
Moving label "_01056_" from metal1 to via1 in cell secure_asic_top.
Moving label "_01069_" from metal1 to via1 in cell secure_asic_top.
Moving label "_01076_" from metal1 to via1 in cell secure_asic_top.
Moving label "_01078_" from metal1 to via1 in cell secure_asic_top.
Moving label "_01082_" from metal1 to viali in cell secure_asic_top.
Moving label "_01084_" from metal1 to via1 in cell secure_asic_top.
Moving label "_01086_" from metal1 to via1 in cell secure_asic_top.
Moving label "_01101_" from metal1 to via1 in cell secure_asic_top.
Moving label "_01105_" from metal1 to via1 in cell secure_asic_top.
Moving label "_01107_" from metal1 to via1 in cell secure_asic_top.
Moving label "_01108_" from metal1 to via1 in cell secure_asic_top.
Moving label "_01109_" from metal1 to via1 in cell secure_asic_top.
Moving label "_01114_" from metal1 to via1 in cell secure_asic_top.
Moving label "_01123_" from metal1 to via1 in cell secure_asic_top.
Moving label "_01132_" from metal1 to via1 in cell secure_asic_top.
Moving label "_01133_" from metal1 to via1 in cell secure_asic_top.
Moving label "_01270_" from metal1 to via1 in cell secure_asic_top.
Moving label "_01468_" from metal1 to via1 in cell secure_asic_top.
Moving label "_01470_" from metal1 to via1 in cell secure_asic_top.
Moving label "_01471_" from metal1 to via1 in cell secure_asic_top.
Moving label "_01475_" from metal1 to via1 in cell secure_asic_top.
Moving label "_01477_" from metal1 to via1 in cell secure_asic_top.
Moving label "_01486_" from metal1 to via1 in cell secure_asic_top.
Moving label "_01499_" from metal1 to via1 in cell secure_asic_top.
Moving label "_01503_" from metal1 to via1 in cell secure_asic_top.
Moving label "_01505_" from metal1 to via1 in cell secure_asic_top.
Moving label "_01506_" from metal1 to via1 in cell secure_asic_top.
Moving label "_01511_" from metal1 to via1 in cell secure_asic_top.
Moving label "_01517_" from metal1 to via1 in cell secure_asic_top.
Moving label "_01520_" from metal1 to via1 in cell secure_asic_top.
Moving label "_01533_" from metal1 to via1 in cell secure_asic_top.
Moving label "_01539_" from metal1 to via1 in cell secure_asic_top.
Moving label "_01544_" from metal1 to via1 in cell secure_asic_top.
Moving label "_01548_" from metal1 to via1 in cell secure_asic_top.
Moving label "_01552_" from metal1 to viali in cell secure_asic_top.
Moving label "_01555_" from metal1 to via1 in cell secure_asic_top.
Moving label "_01560_" from metal1 to via1 in cell secure_asic_top.
Moving label "_01562_" from metal1 to via1 in cell secure_asic_top.
Moving label "_01588_" from metal1 to via1 in cell secure_asic_top.
Moving label "_01591_" from metal1 to via1 in cell secure_asic_top.
Moving label "_01768_" from metal1 to via1 in cell secure_asic_top.
Moving label "_01965_" from metal1 to via1 in cell secure_asic_top.
Moving label "_02063_" from metal1 to via1 in cell secure_asic_top.
Moving label "_02093_" from metal1 to via1 in cell secure_asic_top.
Moving label "_02121_" from metal2 to via2 in cell secure_asic_top.
Moving label "_02202_" from metal1 to via1 in cell secure_asic_top.
Moving label "_02253_" from metal1 to via1 in cell secure_asic_top.
Moving label "_02333_" from metal1 to via1 in cell secure_asic_top.
Moving label "_02343_" from metal2 to via1 in cell secure_asic_top.
Moving label "_02522_" from metal1 to via1 in cell secure_asic_top.
Moving label "_02630_" from metal1 to via1 in cell secure_asic_top.
Moving label "_02692_" from metal1 to via1 in cell secure_asic_top.
Moving label "_02773_" from metal1 to via1 in cell secure_asic_top.
Moving label "_02785_" from metal1 to via1 in cell secure_asic_top.
Moving label "_02874_" from metal2 to via2 in cell secure_asic_top.
Moving label "_02917_" from metal1 to via1 in cell secure_asic_top.
Moving label "_02946_" from metal1 to via1 in cell secure_asic_top.
Moving label "_03103_" from metal1 to via1 in cell secure_asic_top.
Moving label "_03371_" from metal2 to via2 in cell secure_asic_top.
Moving label "_03584_" from metal2 to via2 in cell secure_asic_top.
Moving label "_03610_" from metal1 to viali in cell secure_asic_top.
Moving label "_03629_" from metal2 to via2 in cell secure_asic_top.
Moving label "_03826_" from metal1 to via1 in cell secure_asic_top.
Moving label "_03917_" from metal1 to viali in cell secure_asic_top.
Moving label "_04009_" from metal1 to viali in cell secure_asic_top.
Moving label "_04135_" from metal2 to via2 in cell secure_asic_top.
Moving label "_04239_" from metal2 to via2 in cell secure_asic_top.
Moving label "_04327_" from metal1 to viali in cell secure_asic_top.
Moving label "_04596_" from metal1 to viali in cell secure_asic_top.
Moving label "_04718_" from metal1 to viali in cell secure_asic_top.
Moving label "_04914_" from metal2 to via1 in cell secure_asic_top.
Moving label "_04915_" from metal1 to via1 in cell secure_asic_top.
Moving label "_04922_" from metal2 to via2 in cell secure_asic_top.
Moving label "_04937_" from metal1 to via1 in cell secure_asic_top.
Moving label "_05216_" from metal1 to via1 in cell secure_asic_top.
Moving label "_05378_" from metal1 to via1 in cell secure_asic_top.
Moving label "_05384_" from metal1 to via1 in cell secure_asic_top.
Moving label "_05398_" from metal2 to via2 in cell secure_asic_top.
Moving label "_05402_" from metal2 to via2 in cell secure_asic_top.
Moving label "_05407_" from metal1 to viali in cell secure_asic_top.
Moving label "_05428_" from metal1 to via1 in cell secure_asic_top.
Moving label "_05453_" from metal2 to via2 in cell secure_asic_top.
Moving label "_05458_" from metal1 to viali in cell secure_asic_top.
Moving label "_05462_" from metal1 to via1 in cell secure_asic_top.
Moving label "_05488_" from metal1 to via1 in cell secure_asic_top.
Moving label "_05494_" from metal1 to via1 in cell secure_asic_top.
Moving label "_05512_" from metal2 to via2 in cell secure_asic_top.
Moving label "_05520_" from metal2 to via2 in cell secure_asic_top.
Moving label "_05527_" from metal2 to via2 in cell secure_asic_top.
Moving label "_05567_" from metal1 to via1 in cell secure_asic_top.
Moving label "_05573_" from metal2 to via2 in cell secure_asic_top.
Moving label "_05579_" from metal3 to via3 in cell secure_asic_top.
Moving label "_05606_" from metal1 to via1 in cell secure_asic_top.
Moving label "_05620_" from metal3 to via3 in cell secure_asic_top.
Moving label "_05649_" from metal2 to via2 in cell secure_asic_top.
Moving label "_05667_" from metal1 to via1 in cell secure_asic_top.
Moving label "_05702_" from metal2 to via2 in cell secure_asic_top.
Moving label "_05722_" from metal2 to via2 in cell secure_asic_top.
Moving label "_05739_" from metal2 to via2 in cell secure_asic_top.
Moving label "_05760_" from metal1 to via1 in cell secure_asic_top.
Moving label "_05795_" from metal1 to via1 in cell secure_asic_top.
Moving label "_05841_" from metal2 to via2 in cell secure_asic_top.
Moving label "_05862_" from metal1 to via1 in cell secure_asic_top.
Moving label "_05879_" from metal2 to via2 in cell secure_asic_top.
Moving label "_05880_" from metal1 to via1 in cell secure_asic_top.
Moving label "_05897_" from metal2 to via2 in cell secure_asic_top.
Moving label "_05906_" from metal2 to via2 in cell secure_asic_top.
Moving label "_05927_" from metal3 to via3 in cell secure_asic_top.
Moving label "_05935_" from metal2 to via2 in cell secure_asic_top.
Moving label "_05944_" from metal1 to viali in cell secure_asic_top.
Moving label "_05993_" from metal2 to via2 in cell secure_asic_top.
Moving label "_05999_" from metal2 to via2 in cell secure_asic_top.
Moving label "_06007_" from metal2 to via1 in cell secure_asic_top.
Moving label "_06015_" from metal2 to via2 in cell secure_asic_top.
Moving label "_06058_" from metal1 to via1 in cell secure_asic_top.
Moving label "_06101_" from metal1 to via1 in cell secure_asic_top.
Moving label "_06108_" from metal1 to viali in cell secure_asic_top.
Moving label "_06111_" from metal2 to via2 in cell secure_asic_top.
Moving label "_06139_" from metal2 to via2 in cell secure_asic_top.
Moving label "_06170_" from metal1 to viali in cell secure_asic_top.
Moving label "_06174_" from metal3 to via3 in cell secure_asic_top.
Moving label "_06222_" from metal2 to via2 in cell secure_asic_top.
Moving label "_06226_" from metal3 to via3 in cell secure_asic_top.
Moving label "_06229_" from metal2 to via2 in cell secure_asic_top.
Moving label "_06244_" from metal1 to via1 in cell secure_asic_top.
Moving label "_06269_" from metal2 to via2 in cell secure_asic_top.
Moving label "_06286_" from metal1 to via1 in cell secure_asic_top.
Moving label "_06293_" from metal1 to via1 in cell secure_asic_top.
Moving label "_06296_" from metal2 to via2 in cell secure_asic_top.
Moving label "_06352_" from metal2 to via2 in cell secure_asic_top.
Moving label "_06363_" from metal2 to via2 in cell secure_asic_top.
Moving label "_06364_" from metal1 to via1 in cell secure_asic_top.
Moving label "_06377_" from metal2 to via1 in cell secure_asic_top.
Moving label "_06425_" from metal2 to via1 in cell secure_asic_top.
Moving label "_06430_" from metal1 to viali in cell secure_asic_top.
Moving label "_06439_" from metal1 to via1 in cell secure_asic_top.
Moving label "_06455_" from metal2 to via2 in cell secure_asic_top.
Moving label "_06469_" from metal1 to viali in cell secure_asic_top.
Moving label "_06471_" from metal1 to viali in cell secure_asic_top.
Moving label "_06486_" from metal2 to via2 in cell secure_asic_top.
Moving label "_06512_" from metal1 to via1 in cell secure_asic_top.
Moving label "_06517_" from metal1 to viali in cell secure_asic_top.
Moving label "_06530_" from metal1 to via1 in cell secure_asic_top.
Moving label "_06616_" from metal1 to viali in cell secure_asic_top.
Moving label "_06639_" from metal1 to via1 in cell secure_asic_top.
Moving label "_06664_" from metal2 to via2 in cell secure_asic_top.
Moving label "_06741_" from metal1 to via1 in cell secure_asic_top.
Moving label "_06752_" from metal2 to via1 in cell secure_asic_top.
Moving label "_06792_" from metal3 to via3 in cell secure_asic_top.
Moving label "_06810_" from metal1 to viali in cell secure_asic_top.
Moving label "_06849_" from metal2 to via2 in cell secure_asic_top.
Moving label "_06871_" from metal1 to viali in cell secure_asic_top.
Moving label "_06913_" from metal2 to via2 in cell secure_asic_top.
Moving label "_06948_" from metal1 to viali in cell secure_asic_top.
Moving label "_06972_" from metal1 to viali in cell secure_asic_top.
Moving label "_06981_" from metal2 to via2 in cell secure_asic_top.
Moving label "_07028_" from metal1 to via1 in cell secure_asic_top.
Moving label "_07081_" from metal2 to via2 in cell secure_asic_top.
Moving label "_07089_" from metal1 to via1 in cell secure_asic_top.
Moving label "_07099_" from metal2 to via2 in cell secure_asic_top.
Moving label "_07115_" from metal2 to via2 in cell secure_asic_top.
Moving label "_07197_" from metal1 to viali in cell secure_asic_top.
Moving label "_07198_" from metal1 to viali in cell secure_asic_top.
Moving label "_07214_" from metal1 to viali in cell secure_asic_top.
Moving label "_07222_" from metal2 to via2 in cell secure_asic_top.
Moving label "_07227_" from metal1 to viali in cell secure_asic_top.
Moving label "_07234_" from metal1 to viali in cell secure_asic_top.
Moving label "_07283_" from metal1 to viali in cell secure_asic_top.
Moving label "_07285_" from metal2 to via2 in cell secure_asic_top.
Moving label "_07289_" from metal1 to viali in cell secure_asic_top.
Moving label "_07290_" from metal1 to viali in cell secure_asic_top.
Moving label "_07323_" from metal2 to via2 in cell secure_asic_top.
Moving label "_07399_" from metal2 to via2 in cell secure_asic_top.
Moving label "_07414_" from metal1 to via1 in cell secure_asic_top.
Moving label "_07429_" from metal3 to via3 in cell secure_asic_top.
Moving label "_07441_" from metal2 to via2 in cell secure_asic_top.
Moving label "_07444_" from metal1 to viali in cell secure_asic_top.
Moving label "_07447_" from metal2 to via1 in cell secure_asic_top.
Moving label "_07518_" from metal1 to via1 in cell secure_asic_top.
Moving label "_07537_" from metal1 to viali in cell secure_asic_top.
Moving label "_07542_" from metal2 to via2 in cell secure_asic_top.
Moving label "_07565_" from metal1 to via1 in cell secure_asic_top.
Moving label "_07581_" from metal1 to via1 in cell secure_asic_top.
Moving label "_07599_" from metal3 to via3 in cell secure_asic_top.
Moving label "_07609_" from metal1 to via1 in cell secure_asic_top.
Moving label "_07629_" from metal1 to viali in cell secure_asic_top.
Moving label "_07646_" from metal1 to viali in cell secure_asic_top.
Moving label "_07692_" from metal1 to via1 in cell secure_asic_top.
Moving label "_07716_" from metal2 to via2 in cell secure_asic_top.
Moving label "_07725_" from metal2 to via2 in cell secure_asic_top.
Moving label "_07742_" from metal1 to via1 in cell secure_asic_top.
Moving label "_07766_" from metal1 to via1 in cell secure_asic_top.
Moving label "_07850_" from metal2 to via2 in cell secure_asic_top.
Moving label "_07864_" from metal1 to via1 in cell secure_asic_top.
Moving label "_07885_" from metal3 to via3 in cell secure_asic_top.
Moving label "_07889_" from metal2 to via2 in cell secure_asic_top.
Moving label "_07910_" from metal2 to via2 in cell secure_asic_top.
Moving label "_07938_" from metal2 to via2 in cell secure_asic_top.
Moving label "_07940_" from metal1 to viali in cell secure_asic_top.
Moving label "_07960_" from metal2 to via2 in cell secure_asic_top.
Moving label "_07982_" from metal1 to via1 in cell secure_asic_top.
Moving label "_07994_" from metal2 to via2 in cell secure_asic_top.
Moving label "_08004_" from metal1 to viali in cell secure_asic_top.
Moving label "_08008_" from metal2 to via2 in cell secure_asic_top.
Moving label "_08011_" from metal1 to via1 in cell secure_asic_top.
Moving label "_08032_" from metal2 to via2 in cell secure_asic_top.
Moving label "_08055_" from metal1 to via1 in cell secure_asic_top.
Moving label "_08059_" from metal2 to via2 in cell secure_asic_top.
Moving label "_08073_" from metal2 to via2 in cell secure_asic_top.
Moving label "_08081_" from metal1 to via1 in cell secure_asic_top.
Moving label "_08117_" from metal2 to via2 in cell secure_asic_top.
Moving label "_08166_" from metal2 to via2 in cell secure_asic_top.
Moving label "_08174_" from metal2 to via2 in cell secure_asic_top.
Moving label "_08190_" from metal2 to via2 in cell secure_asic_top.
Moving label "_08196_" from metal1 to viali in cell secure_asic_top.
Moving label "_08221_" from metal1 to viali in cell secure_asic_top.
Moving label "_08228_" from metal1 to via1 in cell secure_asic_top.
Moving label "_08252_" from metal2 to via2 in cell secure_asic_top.
Moving label "_08256_" from metal2 to via2 in cell secure_asic_top.
Moving label "_08283_" from metal2 to via2 in cell secure_asic_top.
Moving label "_08300_" from metal2 to via2 in cell secure_asic_top.
Moving label "_08330_" from metal2 to via2 in cell secure_asic_top.
Moving label "_08340_" from metal1 to viali in cell secure_asic_top.
Moving label "_08358_" from metal2 to via2 in cell secure_asic_top.
Moving label "_08365_" from metal1 to via1 in cell secure_asic_top.
Moving label "_08371_" from metal1 to via1 in cell secure_asic_top.
Moving label "_08412_" from metal1 to via1 in cell secure_asic_top.
Moving label "_08447_" from metal3 to via3 in cell secure_asic_top.
Moving label "_08469_" from metal2 to via2 in cell secure_asic_top.
Moving label "_08479_" from metal1 to via1 in cell secure_asic_top.
Moving label "_08502_" from metal2 to via2 in cell secure_asic_top.
Moving label "_08518_" from metal3 to via3 in cell secure_asic_top.
Moving label "_08527_" from metal1 to viali in cell secure_asic_top.
Moving label "_08562_" from metal1 to viali in cell secure_asic_top.
Moving label "_08569_" from metal1 to viali in cell secure_asic_top.
Moving label "_08580_" from metal1 to viali in cell secure_asic_top.
Moving label "_08596_" from metal1 to viali in cell secure_asic_top.
Moving label "_08669_" from metal3 to via3 in cell secure_asic_top.
Moving label "_08673_" from metal1 to viali in cell secure_asic_top.
Moving label "_08698_" from metal2 to via2 in cell secure_asic_top.
Moving label "_08720_" from metal1 to viali in cell secure_asic_top.
Moving label "_08742_" from metal1 to via1 in cell secure_asic_top.
Moving label "_08765_" from metal2 to via1 in cell secure_asic_top.
Moving label "_08779_" from metal1 to via1 in cell secure_asic_top.
Moving label "_08791_" from metal1 to viali in cell secure_asic_top.
Moving label "_08811_" from metal1 to viali in cell secure_asic_top.
Moving label "_08817_" from metal1 to viali in cell secure_asic_top.
Moving label "_08849_" from metal3 to via3 in cell secure_asic_top.
Moving label "_08892_" from metal2 to via2 in cell secure_asic_top.
Moving label "_08895_" from metal2 to via2 in cell secure_asic_top.
Moving label "_08946_" from metal3 to via2 in cell secure_asic_top.
Moving label "_08957_" from metal2 to via2 in cell secure_asic_top.
Moving label "_08982_" from metal1 to via1 in cell secure_asic_top.
Moving label "_08991_" from metal3 to via3 in cell secure_asic_top.
Moving label "_09001_" from metal2 to via1 in cell secure_asic_top.
Moving label "_09012_" from metal2 to via2 in cell secure_asic_top.
Moving label "_09057_" from metal1 to viali in cell secure_asic_top.
Moving label "_09089_" from metal2 to via2 in cell secure_asic_top.
Moving label "_09144_" from metal1 to via1 in cell secure_asic_top.
Moving label "_09181_" from metal3 to via3 in cell secure_asic_top.
Moving label "_09256_" from metal1 to viali in cell secure_asic_top.
Moving label "_09302_" from metal1 to via1 in cell secure_asic_top.
Moving label "_09318_" from metal1 to viali in cell secure_asic_top.
Moving label "_09322_" from metal3 to via3 in cell secure_asic_top.
Moving label "_09326_" from metal2 to via2 in cell secure_asic_top.
Moving label "_09354_" from metal1 to via1 in cell secure_asic_top.
Moving label "_09366_" from metal1 to viali in cell secure_asic_top.
Moving label "_09370_" from metal2 to via1 in cell secure_asic_top.
Moving label "_09424_" from metal1 to via1 in cell secure_asic_top.
Moving label "_09450_" from metal2 to via2 in cell secure_asic_top.
Moving label "_09491_" from metal2 to via2 in cell secure_asic_top.
Moving label "_09505_" from metal2 to via2 in cell secure_asic_top.
Moving label "_09522_" from metal2 to via2 in cell secure_asic_top.
Moving label "_09552_" from metal2 to via1 in cell secure_asic_top.
Moving label "_09593_" from metal1 to viali in cell secure_asic_top.
Moving label "_09632_" from metal1 to viali in cell secure_asic_top.
Moving label "_09657_" from metal1 to via1 in cell secure_asic_top.
Moving label "_09700_" from metal1 to viali in cell secure_asic_top.
Moving label "_09703_" from metal2 to via2 in cell secure_asic_top.
Moving label "_09719_" from metal1 to via1 in cell secure_asic_top.
Moving label "_09765_" from metal2 to via2 in cell secure_asic_top.
Moving label "_09774_" from metal1 to via1 in cell secure_asic_top.
Moving label "_09777_" from metal2 to via2 in cell secure_asic_top.
Moving label "_09798_" from metal2 to via2 in cell secure_asic_top.
Moving label "_09801_" from metal2 to via2 in cell secure_asic_top.
Moving label "_09805_" from metal1 to via1 in cell secure_asic_top.
Moving label "_09837_" from metal1 to viali in cell secure_asic_top.
Moving label "_09872_" from metal2 to via1 in cell secure_asic_top.
Moving label "_09899_" from metal1 to viali in cell secure_asic_top.
Moving label "_09900_" from metal1 to viali in cell secure_asic_top.
Moving label "_09917_" from metal3 to via3 in cell secure_asic_top.
Moving label "_09927_" from metal2 to via2 in cell secure_asic_top.
Moving label "_10019_" from metal1 to via1 in cell secure_asic_top.
Moving label "_10063_" from metal3 to via3 in cell secure_asic_top.
Moving label "_10115_" from metal3 to via3 in cell secure_asic_top.
Moving label "_10214_" from metal2 to via2 in cell secure_asic_top.
Moving label "_10232_" from metal1 to viali in cell secure_asic_top.
Moving label "_10244_" from metal3 to via3 in cell secure_asic_top.
Moving label "_10302_" from metal1 to via1 in cell secure_asic_top.
Moving label "_10352_" from metal1 to via1 in cell secure_asic_top.
Moving label "_10400_" from metal2 to via2 in cell secure_asic_top.
Moving label "_10475_" from metal1 to viali in cell secure_asic_top.
Moving label "_10511_" from metal1 to via1 in cell secure_asic_top.
Moving label "_10553_" from metal1 to via1 in cell secure_asic_top.
Moving label "_10576_" from metal3 to via3 in cell secure_asic_top.
Moving label "_10590_" from metal1 to via1 in cell secure_asic_top.
Moving label "_10601_" from metal1 to viali in cell secure_asic_top.
Moving label "_10611_" from metal2 to via2 in cell secure_asic_top.
Moving label "_10619_" from metal2 to via2 in cell secure_asic_top.
Moving label "_10633_" from metal1 to viali in cell secure_asic_top.
Moving label "_10696_" from metal2 to via2 in cell secure_asic_top.
Moving label "_10756_" from metal1 to via1 in cell secure_asic_top.
Moving label "_10788_" from metal1 to via1 in cell secure_asic_top.
Moving label "_10797_" from metal1 to via1 in cell secure_asic_top.
Moving label "_10839_" from metal1 to via1 in cell secure_asic_top.
Moving label "_10865_" from metal2 to via2 in cell secure_asic_top.
Moving label "_10906_" from metal1 to viali in cell secure_asic_top.
Moving label "_10924_" from metal1 to via1 in cell secure_asic_top.
Moving label "_10929_" from metal1 to via1 in cell secure_asic_top.
Moving label "_10945_" from metal3 to via3 in cell secure_asic_top.
Moving label "_10961_" from metal2 to via1 in cell secure_asic_top.
Moving label "_10998_" from metal1 to via1 in cell secure_asic_top.
Moving label "_11044_" from metal1 to viali in cell secure_asic_top.
Moving label "_11047_" from metal1 to via1 in cell secure_asic_top.
Moving label "_11054_" from metal2 to via2 in cell secure_asic_top.
Moving label "_11065_" from metal2 to via2 in cell secure_asic_top.
Moving label "_11066_" from metal1 to via1 in cell secure_asic_top.
Moving label "_11068_" from metal1 to viali in cell secure_asic_top.
Moving label "_11121_" from metal1 to via1 in cell secure_asic_top.
Moving label "_11149_" from metal2 to via2 in cell secure_asic_top.
Moving label "_11171_" from metal1 to via1 in cell secure_asic_top.
Moving label "_11176_" from metal2 to via2 in cell secure_asic_top.
Moving label "_11188_" from metal1 to viali in cell secure_asic_top.
Moving label "_11295_" from metal1 to viali in cell secure_asic_top.
Moving label "_11297_" from metal2 to via2 in cell secure_asic_top.
Moving label "_11303_" from metal1 to via1 in cell secure_asic_top.
Moving label "_11320_" from metal1 to viali in cell secure_asic_top.
Moving label "_11336_" from metal1 to via1 in cell secure_asic_top.
Moving label "_11344_" from metal1 to via1 in cell secure_asic_top.
Moving label "_11359_" from metal2 to via2 in cell secure_asic_top.
Moving label "_11361_" from metal2 to via2 in cell secure_asic_top.
Moving label "_11411_" from metal1 to viali in cell secure_asic_top.
Moving label "_11414_" from metal2 to via2 in cell secure_asic_top.
Moving label "_11417_" from metal2 to via2 in cell secure_asic_top.
Moving label "_11435_" from metal1 to via1 in cell secure_asic_top.
Moving label "_11465_" from metal2 to via1 in cell secure_asic_top.
Moving label "_11476_" from metal1 to via1 in cell secure_asic_top.
Moving label "_11479_" from metal1 to via1 in cell secure_asic_top.
Moving label "_11494_" from metal1 to viali in cell secure_asic_top.
Moving label "_11514_" from metal3 to via3 in cell secure_asic_top.
Moving label "_11545_" from metal2 to via2 in cell secure_asic_top.
Moving label "_11550_" from metal3 to via3 in cell secure_asic_top.
Moving label "_11733_" from metal2 to via2 in cell secure_asic_top.
Moving label "_11781_" from metal2 to via2 in cell secure_asic_top.
Moving label "_11800_" from metal1 to viali in cell secure_asic_top.
Moving label "_11809_" from metal3 to via3 in cell secure_asic_top.
Moving label "_11826_" from metal2 to via2 in cell secure_asic_top.
Moving label "_11896_" from metal2 to via2 in cell secure_asic_top.
Moving label "_11899_" from metal2 to via2 in cell secure_asic_top.
Moving label "_11937_" from metal2 to via2 in cell secure_asic_top.
Moving label "_11967_" from metal2 to via2 in cell secure_asic_top.
Moving label "_11988_" from metal2 to via2 in cell secure_asic_top.
Moving label "_12026_" from metal1 to via1 in cell secure_asic_top.
Moving label "_12087_" from metal2 to via2 in cell secure_asic_top.
Moving label "_12102_" from metal1 to via1 in cell secure_asic_top.
Moving label "_12112_" from metal1 to viali in cell secure_asic_top.
Moving label "_12137_" from metal2 to via2 in cell secure_asic_top.
Moving label "_12181_" from metal3 to via3 in cell secure_asic_top.
Moving label "_12236_" from metal2 to via2 in cell secure_asic_top.
Moving label "_12258_" from metal2 to via2 in cell secure_asic_top.
Moving label "_12367_" from metal1 to viali in cell secure_asic_top.
Moving label "_12398_" from metal1 to viali in cell secure_asic_top.
Moving label "_12416_" from metal1 to viali in cell secure_asic_top.
Moving label "_12445_" from metal1 to via1 in cell secure_asic_top.
Moving label "_12524_" from metal1 to viali in cell secure_asic_top.
Moving label "_12530_" from metal2 to via2 in cell secure_asic_top.
Moving label "_12537_" from metal2 to via2 in cell secure_asic_top.
Moving label "_12545_" from metal3 to via3 in cell secure_asic_top.
Moving label "_12546_" from metal2 to via2 in cell secure_asic_top.
Moving label "_12550_" from metal1 to viali in cell secure_asic_top.
Moving label "_12606_" from metal1 to viali in cell secure_asic_top.
Moving label "_12615_" from metal1 to viali in cell secure_asic_top.
Moving label "_12622_" from metal2 to via2 in cell secure_asic_top.
Moving label "_12651_" from metal2 to via2 in cell secure_asic_top.
Moving label "_12660_" from metal1 to via1 in cell secure_asic_top.
Moving label "_12690_" from metal2 to via2 in cell secure_asic_top.
Moving label "_12703_" from metal1 to via1 in cell secure_asic_top.
Moving label "_12715_" from metal2 to via2 in cell secure_asic_top.
Moving label "_12718_" from metal1 to viali in cell secure_asic_top.
Moving label "_12731_" from metal1 to viali in cell secure_asic_top.
Moving label "_12733_" from metal2 to via2 in cell secure_asic_top.
Moving label "_12747_" from metal1 to viali in cell secure_asic_top.
Moving label "_12758_" from metal1 to viali in cell secure_asic_top.
Moving label "_12764_" from metal1 to viali in cell secure_asic_top.
Moving label "_12817_" from metal1 to viali in cell secure_asic_top.
Moving label "_12846_" from metal2 to via2 in cell secure_asic_top.
Moving label "_12873_" from metal1 to via1 in cell secure_asic_top.
Moving label "_12912_" from metal3 to via3 in cell secure_asic_top.
Moving label "_12922_" from metal1 to via1 in cell secure_asic_top.
Moving label "_12925_" from metal2 to via2 in cell secure_asic_top.
Moving label "_12949_" from metal1 to via1 in cell secure_asic_top.
Moving label "_12963_" from metal1 to viali in cell secure_asic_top.
Moving label "_12989_" from metal1 to via1 in cell secure_asic_top.
Moving label "_13054_" from metal1 to viali in cell secure_asic_top.
Moving label "_13086_" from metal2 to via1 in cell secure_asic_top.
Moving label "_13147_" from metal1 to viali in cell secure_asic_top.
Moving label "_13204_" from metal2 to via2 in cell secure_asic_top.
Moving label "_13275_" from metal1 to via1 in cell secure_asic_top.
Moving label "_13361_" from metal1 to viali in cell secure_asic_top.
Moving label "_13385_" from metal2 to via2 in cell secure_asic_top.
Moving label "_13448_" from metal2 to via1 in cell secure_asic_top.
Moving label "_13464_" from metal1 to via1 in cell secure_asic_top.
Moving label "_13466_" from metal2 to via2 in cell secure_asic_top.
Moving label "_13471_" from metal1 to via1 in cell secure_asic_top.
Moving label "_13485_" from metal2 to via2 in cell secure_asic_top.
Moving label "_13514_" from metal1 to viali in cell secure_asic_top.
Moving label "_13521_" from metal2 to via2 in cell secure_asic_top.
Moving label "_13536_" from metal2 to via1 in cell secure_asic_top.
Moving label "_13553_" from metal1 to viali in cell secure_asic_top.
Moving label "_13556_" from metal2 to via2 in cell secure_asic_top.
Moving label "_13579_" from metal1 to via1 in cell secure_asic_top.
Moving label "_13588_" from metal1 to via1 in cell secure_asic_top.
Moving label "_13602_" from metal2 to via2 in cell secure_asic_top.
Moving label "_13629_" from metal1 to via1 in cell secure_asic_top.
Moving label "_13640_" from metal1 to via1 in cell secure_asic_top.
Moving label "_13654_" from metal2 to via2 in cell secure_asic_top.
Moving label "_13668_" from metal2 to via2 in cell secure_asic_top.
Moving label "_13695_" from metal2 to via2 in cell secure_asic_top.
Moving label "_13710_" from metal2 to via2 in cell secure_asic_top.
Moving label "_13713_" from metal1 to viali in cell secure_asic_top.
Moving label "_13742_" from metal1 to via1 in cell secure_asic_top.
Moving label "_13757_" from metal2 to via2 in cell secure_asic_top.
Moving label "_13758_" from metal2 to via2 in cell secure_asic_top.
Moving label "_13790_" from metal2 to via2 in cell secure_asic_top.
Moving label "_13809_" from metal3 to via3 in cell secure_asic_top.
Moving label "_13890_" from metal3 to via3 in cell secure_asic_top.
Moving label "_13929_" from metal2 to via2 in cell secure_asic_top.
Moving label "_13953_" from metal1 to via1 in cell secure_asic_top.
Moving label "_13977_" from metal3 to via3 in cell secure_asic_top.
Moving label "_13989_" from metal2 to via2 in cell secure_asic_top.
Moving label "_14016_" from metal2 to via2 in cell secure_asic_top.
Moving label "_14095_" from metal2 to via2 in cell secure_asic_top.
Moving label "_14137_" from metal2 to via2 in cell secure_asic_top.
Moving label "_14179_" from metal2 to via2 in cell secure_asic_top.
Moving label "_14196_" from metal2 to via2 in cell secure_asic_top.
Moving label "_14238_" from metal1 to via1 in cell secure_asic_top.
Moving label "_14303_" from metal2 to via2 in cell secure_asic_top.
Moving label "_14434_" from metal2 to via2 in cell secure_asic_top.
Moving label "_14454_" from metal2 to via2 in cell secure_asic_top.
Moving label "_14491_" from metal2 to via2 in cell secure_asic_top.
Moving label "_14493_" from metal1 to via1 in cell secure_asic_top.
Moving label "_14494_" from metal1 to via1 in cell secure_asic_top.
Moving label "_14499_" from metal2 to via2 in cell secure_asic_top.
Moving label "_14507_" from metal2 to via2 in cell secure_asic_top.
Moving label "_14704_" from metal2 to via1 in cell secure_asic_top.
Moving label "_14706_" from metal1 to viali in cell secure_asic_top.
Moving label "_14714_" from metal1 to viali in cell secure_asic_top.
Moving label "_14743_" from metal2 to via1 in cell secure_asic_top.
Moving label "_14786_" from metal2 to via2 in cell secure_asic_top.
Moving label "_14788_" from metal1 to viali in cell secure_asic_top.
Moving label "_14796_" from metal2 to via2 in cell secure_asic_top.
Moving label "_14815_" from metal2 to via2 in cell secure_asic_top.
Moving label "_14836_" from metal1 to viali in cell secure_asic_top.
Moving label "_14881_" from metal2 to via2 in cell secure_asic_top.
Moving label "_14888_" from metal2 to via2 in cell secure_asic_top.
Moving label "_14889_" from metal2 to via2 in cell secure_asic_top.
Moving label "_14896_" from metal2 to via2 in cell secure_asic_top.
Moving label "_14905_" from metal2 to via2 in cell secure_asic_top.
Moving label "_14944_" from metal2 to via2 in cell secure_asic_top.
Moving label "_14953_" from metal2 to via2 in cell secure_asic_top.
Moving label "_15007_" from metal1 to viali in cell secure_asic_top.
Moving label "_15037_" from metal2 to via2 in cell secure_asic_top.
Moving label "_15050_" from metal2 to via2 in cell secure_asic_top.
Moving label "_15057_" from metal2 to via2 in cell secure_asic_top.
Moving label "_15072_" from metal2 to via2 in cell secure_asic_top.
Moving label "_15074_" from metal3 to via3 in cell secure_asic_top.
Moving label "_15082_" from metal2 to via2 in cell secure_asic_top.
Moving label "_15095_" from metal2 to via2 in cell secure_asic_top.
Moving label "_15096_" from metal1 to viali in cell secure_asic_top.
Moving label "_15115_" from metal2 to via2 in cell secure_asic_top.
Moving label "_15133_" from metal3 to via3 in cell secure_asic_top.
Moving label "_15218_" from metal2 to via2 in cell secure_asic_top.
Moving label "_15243_" from metal1 to via1 in cell secure_asic_top.
Moving label "_15334_" from metal1 to viali in cell secure_asic_top.
Moving label "_15491_" from metal1 to viali in cell secure_asic_top.
Moving label "_15494_" from metal1 to viali in cell secure_asic_top.
Moving label "_15571_" from metal1 to viali in cell secure_asic_top.
Moving label "_15588_" from metal1 to viali in cell secure_asic_top.
Moving label "_15731_" from metal1 to viali in cell secure_asic_top.
Moving label "_15751_" from metal1 to viali in cell secure_asic_top.
Moving label "_15815_" from metal1 to viali in cell secure_asic_top.
Moving label "_15871_" from metal1 to viali in cell secure_asic_top.
Moving label "_15945_" from metal2 to via1 in cell secure_asic_top.
Moving label "_15955_" from metal1 to viali in cell secure_asic_top.
Moving label "_16042_" from metal1 to via1 in cell secure_asic_top.
Moving label "_16152_" from metal1 to viali in cell secure_asic_top.
Moving label "_16182_" from metal1 to via1 in cell secure_asic_top.
Moving label "_16220_" from metal1 to viali in cell secure_asic_top.
Moving label "_16247_" from metal1 to viali in cell secure_asic_top.
Moving label "_16335_" from metal1 to viali in cell secure_asic_top.
Moving label "_16510_" from metal1 to viali in cell secure_asic_top.
Moving label "_16857_" from metal2 to via2 in cell secure_asic_top.
Moving label "_16959_" from metal2 to via2 in cell secure_asic_top.
Moving label "_16981_" from metal2 to via2 in cell secure_asic_top.
Moving label "_16987_" from metal2 to via2 in cell secure_asic_top.
Moving label "_17015_" from metal2 to via2 in cell secure_asic_top.
Moving label "_17073_" from metal1 to viali in cell secure_asic_top.
Moving label "_17115_" from metal2 to via2 in cell secure_asic_top.
Moving label "_17175_" from metal2 to via2 in cell secure_asic_top.
Moving label "_17177_" from metal1 to via1 in cell secure_asic_top.
Moving label "_17193_" from metal2 to via2 in cell secure_asic_top.
Moving label "_17219_" from metal3 to via3 in cell secure_asic_top.
Moving label "_17248_" from metal2 to via1 in cell secure_asic_top.
Moving label "_17286_" from metal2 to via2 in cell secure_asic_top.
Moving label "_17357_" from metal2 to via2 in cell secure_asic_top.
Moving label "_17369_" from metal1 to via1 in cell secure_asic_top.
Moving label "_17377_" from metal1 to viali in cell secure_asic_top.
Moving label "_17405_" from metal2 to via2 in cell secure_asic_top.
Moving label "_17409_" from metal1 to viali in cell secure_asic_top.
Moving label "_17411_" from metal3 to via3 in cell secure_asic_top.
Moving label "_17422_" from metal1 to via1 in cell secure_asic_top.
Moving label "_17434_" from metal2 to via2 in cell secure_asic_top.
Moving label "_17457_" from metal1 to via1 in cell secure_asic_top.
Moving label "_17471_" from metal2 to via2 in cell secure_asic_top.
Moving label "_17482_" from metal1 to viali in cell secure_asic_top.
Moving label "_17498_" from metal2 to via2 in cell secure_asic_top.
Moving label "_17519_" from metal1 to via1 in cell secure_asic_top.
Moving label "_17543_" from metal2 to via2 in cell secure_asic_top.
Moving label "_17550_" from metal2 to via2 in cell secure_asic_top.
Moving label "_17551_" from metal2 to via2 in cell secure_asic_top.
Moving label "_17698_" from metal3 to via3 in cell secure_asic_top.
Moving label "_17722_" from metal2 to via2 in cell secure_asic_top.
Moving label "_17782_" from metal2 to via1 in cell secure_asic_top.
Moving label "_17813_" from metal1 to via1 in cell secure_asic_top.
Moving label "_17819_" from metal2 to via1 in cell secure_asic_top.
Moving label "_17879_" from metal2 to via2 in cell secure_asic_top.
Moving label "_17894_" from metal2 to via2 in cell secure_asic_top.
Moving label "_17903_" from metal2 to via2 in cell secure_asic_top.
Moving label "_17939_" from metal2 to via2 in cell secure_asic_top.
Moving label "_17999_" from metal2 to via2 in cell secure_asic_top.
Moving label "_18016_" from metal3 to via3 in cell secure_asic_top.
Moving label "_18115_" from metal2 to via2 in cell secure_asic_top.
Moving label "_18122_" from metal2 to via2 in cell secure_asic_top.
Moving label "_18144_" from metal2 to via2 in cell secure_asic_top.
Moving label "_18156_" from metal2 to via2 in cell secure_asic_top.
Moving label "_18157_" from metal2 to via2 in cell secure_asic_top.
Moving label "_18193_" from metal2 to via2 in cell secure_asic_top.
Moving label "_18235_" from metal2 to via2 in cell secure_asic_top.
Moving label "_18245_" from metal2 to via2 in cell secure_asic_top.
Moving label "_18251_" from metal2 to via2 in cell secure_asic_top.
Moving label "_18258_" from metal2 to via2 in cell secure_asic_top.
Moving label "_18278_" from metal2 to via2 in cell secure_asic_top.
Moving label "_18364_" from metal2 to via2 in cell secure_asic_top.
Moving label "_18421_" from metal1 to viali in cell secure_asic_top.
Moving label "_18431_" from metal2 to via2 in cell secure_asic_top.
Moving label "_18438_" from metal1 to via1 in cell secure_asic_top.
Moving label "_18449_" from metal1 to via1 in cell secure_asic_top.
Moving label "_18459_" from metal1 to via1 in cell secure_asic_top.
Moving label "_18468_" from metal2 to via2 in cell secure_asic_top.
Moving label "_18471_" from metal1 to viali in cell secure_asic_top.
Moving label "_18506_" from metal3 to via3 in cell secure_asic_top.
Moving label "_18508_" from metal2 to via2 in cell secure_asic_top.
Moving label "_18524_" from metal1 to viali in cell secure_asic_top.
Moving label "_18700_" from metal2 to via2 in cell secure_asic_top.
Moving label "_18716_" from metal1 to viali in cell secure_asic_top.
Moving label "_18797_" from metal2 to via2 in cell secure_asic_top.
Moving label "_18805_" from metal1 to viali in cell secure_asic_top.
Moving label "_18833_" from metal1 to viali in cell secure_asic_top.
Moving label "_18853_" from metal1 to via1 in cell secure_asic_top.
Moving label "_18897_" from metal2 to via2 in cell secure_asic_top.
Moving label "_18924_" from metal2 to via1 in cell secure_asic_top.
Moving label "_18967_" from metal1 to viali in cell secure_asic_top.
Moving label "_18968_" from metal1 to viali in cell secure_asic_top.
Moving label "_19006_" from metal2 to via2 in cell secure_asic_top.
Moving label "_19020_" from metal2 to via2 in cell secure_asic_top.
Moving label "_19092_" from metal1 to viali in cell secure_asic_top.
Moving label "_19121_" from metal2 to via1 in cell secure_asic_top.
Moving label "_19127_" from metal1 to viali in cell secure_asic_top.
Moving label "_19178_" from metal2 to via2 in cell secure_asic_top.
Moving label "_19220_" from metal3 to via3 in cell secure_asic_top.
Moving label "_19340_" from metal1 to viali in cell secure_asic_top.
Moving label "_19364_" from metal1 to viali in cell secure_asic_top.
Moving label "_19385_" from metal1 to viali in cell secure_asic_top.
Moving label "_19400_" from metal3 to via3 in cell secure_asic_top.
Moving label "_19477_" from metal1 to viali in cell secure_asic_top.
Moving label "_19489_" from metal2 to via2 in cell secure_asic_top.
Moving label "_19512_" from metal1 to via1 in cell secure_asic_top.
Moving label "_19514_" from metal1 to viali in cell secure_asic_top.
Moving label "_19568_" from metal3 to via3 in cell secure_asic_top.
Moving label "_19618_" from metal1 to viali in cell secure_asic_top.
Moving label "_19625_" from metal1 to via1 in cell secure_asic_top.
Moving label "_19677_" from metal1 to viali in cell secure_asic_top.
Moving label "clknet_0_clk" from metal3 to via3 in cell secure_asic_top.
Moving label "clknet_5_0__leaf_clk" from metal2 to via2 in cell secure_asic_top.
Moving label "clknet_5_25__leaf_clk" from metal2 to via2 in cell secure_asic_top.
Moving label "clknet_5_29__leaf_clk" from metal2 to via2 in cell secure_asic_top.
Moving label "clknet_5_5__leaf_clk" from metal2 to via2 in cell secure_asic_top.
Moving label "clknet_5_7__leaf_clk" from metal2 to via2 in cell secure_asic_top.
Moving label "clknet_leaf_97_clk" from metal1 to via1 in cell secure_asic_top.
Moving label "fifo_nonce\[0\]\[104\]" from metal2 to via2 in cell secure_asic_top.
Moving label "fifo_nonce\[0\]\[109\]" from metal2 to via2 in cell secure_asic_top.
Moving label "fifo_nonce\[0\]\[115\]" from metal2 to via2 in cell secure_asic_top.
Moving label "fifo_nonce\[0\]\[117\]" from metal2 to via2 in cell secure_asic_top.
Moving label "fifo_nonce\[0\]\[118\]" from metal2 to via2 in cell secure_asic_top.
Moving label "fifo_nonce\[0\]\[38\]" from metal2 to via2 in cell secure_asic_top.
Moving label "fifo_nonce\[0\]\[72\]" from metal2 to via2 in cell secure_asic_top.
Moving label "fifo_nonce\[0\]\[90\]" from metal2 to via2 in cell secure_asic_top.
Moving label "fifo_nonce\[0\]\[93\]" from metal2 to via2 in cell secure_asic_top.
Moving label "fifo_nonce\[0\]\[97\]" from metal2 to via2 in cell secure_asic_top.
Moving label "fifo_nonce\[1\]\[62\]" from metal1 to via1 in cell secure_asic_top.
Moving label "fifo_nonce\[1\]\[67\]" from metal2 to via1 in cell secure_asic_top.
Moving label "fifo_nonce\[1\]\[72\]" from metal1 to via1 in cell secure_asic_top.
Moving label "fifo_nonce\[2\]\[36\]" from metal1 to via1 in cell secure_asic_top.
Moving label "fifo_nonce\[3\]\[41\]" from metal1 to via1 in cell secure_asic_top.
Moving label "fifo_nonce\[4\]\[15\]" from metal1 to via1 in cell secure_asic_top.
Moving label "fifo_nonce\[4\]\[95\]" from metal1 to via1 in cell secure_asic_top.
Moving label "fifo_nonce\[5\]\[31\]" from metal1 to viali in cell secure_asic_top.
Moving label "net11" from metal2 to via2 in cell secure_asic_top.
Moving label "net18" from metal2 to via2 in cell secure_asic_top.
Moving label "net185" from metal2 to via1 in cell secure_asic_top.
Moving label "net1939" from metal1 to viali in cell secure_asic_top.
Moving label "net198" from metal2 to via1 in cell secure_asic_top.
Moving label "net2143" from metal2 to via2 in cell secure_asic_top.
Moving label "net23" from metal2 to via2 in cell secure_asic_top.
Moving label "net24" from metal2 to via2 in cell secure_asic_top.
Moving label "net26" from metal2 to via1 in cell secure_asic_top.
Moving label "net3" from metal2 to via2 in cell secure_asic_top.
Moving label "net34" from metal2 to via2 in cell secure_asic_top.
Moving label "net5" from metal2 to via2 in cell secure_asic_top.
Moving label "net50" from metal2 to via2 in cell secure_asic_top.
Moving label "net717" from metal1 to via1 in cell secure_asic_top.
Moving label "net809" from metal1 to via1 in cell secure_asic_top.
Moving label "net970" from metal1 to viali in cell secure_asic_top.
Moving label "u_aes128.ciphertext\[18\]" from metal2 to via1 in cell secure_asic_top.
Moving label "u_aes128.ciphertext\[65\]" from metal2 to via2 in cell secure_asic_top.
Moving label "u_aes128.gen_key_sbox\[2\].sb_key.in\[3\]" from metal1 to via1 in cell secure_asic_top.
Moving label "u_aes128.gen_state_sbox\[0\].sb_state.in\[4\]" from metal1 to viali in cell secure_asic_top.
Moving label "u_aes128.gen_state_sbox\[15\].sb_state.in\[3\]" from metal1 to via1 in cell secure_asic_top.
Moving label "u_aes128.gen_state_sbox\[9\].sb_state.in\[2\]" from metal1 to viali in cell secure_asic_top.
Moving label "u_aes128.gen_state_sbox\[9\].sb_state.in\[4\]" from metal1 to via1 in cell secure_asic_top.
Moving label "u_aes128.round_key\[117\]" from metal2 to via1 in cell secure_asic_top.
Moving label "u_aes128.round_key\[76\]" from metal2 to via1 in cell secure_asic_top.
Moving label "u_auth_fsm.aes_key\[126\]" from metal1 to viali in cell secure_asic_top.
Moving label "u_auth_fsm.aes_plaintext\[104\]" from metal3 to via3 in cell secure_asic_top.
Moving label "u_auth_fsm.aes_plaintext\[31\]" from metal2 to via2 in cell secure_asic_top.
Moving label "u_auth_fsm.aes_plaintext\[32\]" from metal3 to via3 in cell secure_asic_top.
Moving label "u_auth_fsm.aes_plaintext\[38\]" from metal2 to via2 in cell secure_asic_top.
Moving label "u_auth_fsm.aes_plaintext\[39\]" from metal2 to via2 in cell secure_asic_top.
Moving label "u_auth_fsm.aes_plaintext\[42\]" from metal1 to via1 in cell secure_asic_top.
Moving label "u_auth_fsm.aes_plaintext\[45\]" from metal2 to via2 in cell secure_asic_top.
Moving label "u_auth_fsm.aes_plaintext\[65\]" from metal2 to via2 in cell secure_asic_top.
Moving label "u_auth_fsm.aes_plaintext\[83\]" from metal3 to via3 in cell secure_asic_top.
Moving label "u_auth_fsm.aes_plaintext\[84\]" from metal3 to via3 in cell secure_asic_top.
Moving label "u_auth_fsm.aes_plaintext\[89\]" from metal3 to via3 in cell secure_asic_top.
Moving label "u_auth_fsm.nonce_hist\[0\]\[124\]" from metal2 to via2 in cell secure_asic_top.
Moving label "u_auth_fsm.nonce_hist\[0\]\[19\]" from metal1 to viali in cell secure_asic_top.
Moving label "u_auth_fsm.nonce_hist\[0\]\[24\]" from metal1 to via1 in cell secure_asic_top.
Moving label "u_auth_fsm.nonce_hist\[0\]\[27\]" from metal1 to via1 in cell secure_asic_top.
Moving label "u_auth_fsm.nonce_hist\[0\]\[30\]" from metal1 to viali in cell secure_asic_top.
Moving label "u_auth_fsm.nonce_hist\[0\]\[38\]" from metal1 to viali in cell secure_asic_top.
Moving label "u_auth_fsm.nonce_hist\[0\]\[54\]" from metal2 to via2 in cell secure_asic_top.
Moving label "u_auth_fsm.nonce_hist\[0\]\[61\]" from metal1 to viali in cell secure_asic_top.
Moving label "u_auth_fsm.nonce_hist\[0\]\[95\]" from metal2 to via2 in cell secure_asic_top.
Moving label "u_auth_fsm.nonce_hist\[0\]\[97\]" from metal1 to viali in cell secure_asic_top.
Moving label "u_auth_fsm.nonce_hist\[0\]\[98\]" from metal2 to via2 in cell secure_asic_top.
Moving label "u_auth_fsm.nonce_hist\[1\]\[113\]" from metal2 to via2 in cell secure_asic_top.
Moving label "u_auth_fsm.nonce_hist\[1\]\[117\]" from metal1 to via1 in cell secure_asic_top.
Moving label "u_auth_fsm.nonce_hist\[1\]\[35\]" from metal1 to via1 in cell secure_asic_top.
Moving label "u_auth_fsm.nonce_hist\[1\]\[65\]" from metal2 to via2 in cell secure_asic_top.
Moving label "u_auth_fsm.nonce_hist\[1\]\[80\]" from metal2 to via2 in cell secure_asic_top.
Moving label "u_auth_fsm.nonce_hist\[1\]\[90\]" from metal2 to via2 in cell secure_asic_top.
Moving label "u_auth_fsm.nonce_hist\[2\]\[10\]" from metal3 to via3 in cell secure_asic_top.
Moving label "u_auth_fsm.nonce_hist\[2\]\[117\]" from metal1 to via1 in cell secure_asic_top.
Moving label "u_auth_fsm.nonce_hist\[2\]\[122\]" from metal1 to via1 in cell secure_asic_top.
Moving label "u_auth_fsm.nonce_hist\[2\]\[24\]" from metal1 to via1 in cell secure_asic_top.
Moving label "u_auth_fsm.nonce_hist\[2\]\[44\]" from metal2 to via1 in cell secure_asic_top.
Moving label "u_auth_fsm.nonce_hist\[2\]\[76\]" from metal1 to via1 in cell secure_asic_top.
Moving label "u_auth_fsm.nonce_hist\[2\]\[77\]" from metal1 to via1 in cell secure_asic_top.
Moving label "u_auth_fsm.nonce_hist\[2\]\[95\]" from metal1 to viali in cell secure_asic_top.
Moving label "u_auth_fsm.nonce_hist\[2\]\[98\]" from metal1 to via1 in cell secure_asic_top.
Moving label "u_auth_fsm.nonce_hist\[3\]\[110\]" from metal1 to via1 in cell secure_asic_top.
Moving label "u_auth_fsm.nonce_hist\[3\]\[14\]" from metal1 to via1 in cell secure_asic_top.
Moving label "u_auth_fsm.nonce_hist\[3\]\[63\]" from metal2 to via2 in cell secure_asic_top.
Moving label "u_auth_fsm.nonce_hist\[3\]\[79\]" from metal2 to via2 in cell secure_asic_top.
Moving label "u_auth_fsm.nonce_hist\[3\]\[90\]" from metal1 to via1 in cell secure_asic_top.
Moving label "u_auth_fsm.nonce_hist\[4\]\[32\]" from metal1 to via1 in cell secure_asic_top.
Moving label "u_auth_fsm.nonce_hist\[4\]\[88\]" from metal2 to via2 in cell secure_asic_top.
Moving label "u_auth_fsm.nonce_hist\[5\]\[104\]" from metal1 to viali in cell secure_asic_top.
Moving label "u_auth_fsm.nonce_hist\[5\]\[40\]" from metal1 to via1 in cell secure_asic_top.
Moving label "u_auth_fsm.nonce_hist\[5\]\[95\]" from metal2 to via2 in cell secure_asic_top.
Moving label "u_auth_fsm.nonce_hist\[6\]\[116\]" from metal1 to viali in cell secure_asic_top.
Moving label "u_auth_fsm.nonce_hist\[6\]\[30\]" from metal1 to viali in cell secure_asic_top.
Moving label "u_auth_fsm.nonce_hist\[6\]\[49\]" from metal1 to via1 in cell secure_asic_top.
Moving label "u_auth_fsm.nonce_hist\[7\]\[16\]" from metal1 to via1 in cell secure_asic_top.
Moving label "u_auth_fsm.nonce_hist\[7\]\[22\]" from metal2 to via1 in cell secure_asic_top.
Moving label "u_auth_fsm.nonce_hist\[7\]\[95\]" from metal1 to via1 in cell secure_asic_top.
Moving label "u_auth_fsm.tx_payload\[57\]" from metal1 to viali in cell secure_asic_top.
Moving label "u_auth_fsm.tx_payload\[60\]" from metal1 to via1 in cell secure_asic_top.
Moving label "u_auth_fsm.tx_payload\[86\]" from metal2 to via2 in cell secure_asic_top.
Moving label "u_cmd_parser.challenge_nonce\[100\]" from metal1 to via1 in cell secure_asic_top.
Moving label "u_cmd_parser.challenge_nonce\[50\]" from metal2 to via2 in cell secure_asic_top.
Moving label "u_cmd_parser.crc_reg\[6\]" from metal2 to via1 in cell secure_asic_top.
Moving label "u_cmd_parser.nonce_reg\[101\]" from metal2 to via1 in cell secure_asic_top.
Moving label "u_cmd_parser.nonce_reg\[16\]" from metal1 to viali in cell secure_asic_top.
Moving label "u_cmd_parser.nonce_reg\[27\]" from metal1 to via1 in cell secure_asic_top.
Moving label "u_cmd_parser.nonce_reg\[44\]" from metal2 to via2 in cell secure_asic_top.
Moving label "u_uart_rx.rx_d2" from metal2 to via2 in cell secure_asic_top.
Moving label "u_uart_rx.state\[3\]" from metal1 to viali in cell secure_asic_top.
Moving label "uart_tx_o" from metal2 to via2 in cell secure_asic_top.
[INFO]: Writing abstract LEF
Generating LEF output /home/alexis/my_asic_projects/secure_asic_top/runs/run_6/results/signoff/secure_asic_top.lef for cell secure_asic_top:
Diagnostic:  Write LEF header for cell secure_asic_top
Diagnostic:  Writing LEF output for cell secure_asic_top
Diagnostic:  Scale value is 0.005000
[INFO]: LEF Write Complete
