
===========================================================================
 report_power
============================================================================
======================= Fastest Corner ===================================

Group                  Internal  Switching    Leakage      Total
                          Power      Power      Power      Power (Watts)
----------------------------------------------------------------
Sequential             1.12e-02   3.13e-03   1.22e-05   1.43e-02  14.8%
Combinational          3.15e-02   5.11e-02   3.57e-07   8.27e-02  85.2%
Macro                  0.00e+00   0.00e+00   0.00e+00   0.00e+00   0.0%
Pad                    0.00e+00   0.00e+00   0.00e+00   0.00e+00   0.0%
----------------------------------------------------------------
Total                  4.27e-02   5.43e-02   1.25e-05   9.70e-02 100.0%
                          44.0%      55.9%       0.0%

======================= Slowest Corner ===================================

Group                  Internal  Switching    Leakage      Total
                          Power      Power      Power      Power (Watts)
----------------------------------------------------------------
Sequential             7.56e-03   2.06e-03   6.37e-05   9.68e-03  14.5%
Combinational          2.28e-02   3.41e-02   1.20e-04   5.71e-02  85.5%
Macro                  0.00e+00   0.00e+00   0.00e+00   0.00e+00   0.0%
Pad                    0.00e+00   0.00e+00   0.00e+00   0.00e+00   0.0%
----------------------------------------------------------------
Total                  3.04e-02   3.62e-02   1.84e-04   6.67e-02 100.0%
                          45.5%      54.2%       0.3%

======================= Typical Corner ===================================

Group                  Internal  Switching    Leakage      Total
                          Power      Power      Power      Power (Watts)
----------------------------------------------------------------
Sequential             9.68e-03   2.63e-03   1.22e-05   1.23e-02  14.7%
Combinational          2.84e-02   4.34e-02   2.32e-07   7.18e-02  85.3%
Macro                  0.00e+00   0.00e+00   0.00e+00   0.00e+00   0.0%
Pad                    0.00e+00   0.00e+00   0.00e+00   0.00e+00   0.0%
----------------------------------------------------------------
Total                  3.81e-02   4.60e-02   1.24e-05   8.41e-02 100.0%
                          45.3%      54.7%       0.0%

