
===========================================================================
 report_power
============================================================================
======================= Fastest Corner ===================================

Group                  Internal  Switching    Leakage      Total
                          Power      Power      Power      Power (Watts)
----------------------------------------------------------------
Sequential             1.11e-02   3.47e-03   1.22e-05   1.46e-02  14.0%
Combinational          3.16e-02   5.85e-02   3.57e-07   9.02e-02  86.0%
Macro                  0.00e+00   0.00e+00   0.00e+00   0.00e+00   0.0%
Pad                    0.00e+00   0.00e+00   0.00e+00   0.00e+00   0.0%
----------------------------------------------------------------
Total                  4.28e-02   6.20e-02   1.25e-05   1.05e-01 100.0%
                          40.8%      59.2%       0.0%

======================= Slowest Corner ===================================

Group                  Internal  Switching    Leakage      Total
                          Power      Power      Power      Power (Watts)
----------------------------------------------------------------
Sequential             7.52e-03   2.29e-03   6.37e-05   9.88e-03  13.7%
Combinational          2.29e-02   3.91e-02   1.20e-04   6.20e-02  86.3%
Macro                  0.00e+00   0.00e+00   0.00e+00   0.00e+00   0.0%
Pad                    0.00e+00   0.00e+00   0.00e+00   0.00e+00   0.0%
----------------------------------------------------------------
Total                  3.04e-02   4.14e-02   1.84e-04   7.19e-02 100.0%
                          42.2%      57.5%       0.3%

======================= Typical Corner ===================================

Group                  Internal  Switching    Leakage      Total
                          Power      Power      Power      Power (Watts)
----------------------------------------------------------------
Sequential             9.65e-03   2.93e-03   1.22e-05   1.26e-02  13.9%
Combinational          2.84e-02   4.97e-02   2.32e-07   7.81e-02  86.1%
Macro                  0.00e+00   0.00e+00   0.00e+00   0.00e+00   0.0%
Pad                    0.00e+00   0.00e+00   0.00e+00   0.00e+00   0.0%
----------------------------------------------------------------
Total                  3.81e-02   5.26e-02   1.24e-05   9.07e-02 100.0%
                          42.0%      58.0%       0.0%

