
===========================================================================
 report_power
============================================================================
======================= Fastest Corner ===================================

Group                  Internal  Switching    Leakage      Total
                          Power      Power      Power      Power (Watts)
----------------------------------------------------------------
Sequential             1.12e-02   3.32e-03   1.22e-05   1.45e-02  14.3%
Combinational          3.16e-02   5.53e-02   3.54e-07   8.69e-02  85.7%
Macro                  0.00e+00   0.00e+00   0.00e+00   0.00e+00   0.0%
Pad                    0.00e+00   0.00e+00   0.00e+00   0.00e+00   0.0%
----------------------------------------------------------------
Total                  4.28e-02   5.86e-02   1.25e-05   1.01e-01 100.0%
                          42.2%      57.8%       0.0%

======================= Slowest Corner ===================================

Group                  Internal  Switching    Leakage      Total
                          Power      Power      Power      Power (Watts)
----------------------------------------------------------------
Sequential             7.54e-03   2.19e-03   6.37e-05   9.79e-03  14.0%
Combinational          2.28e-02   3.69e-02   1.20e-04   5.99e-02  86.0%
Macro                  0.00e+00   0.00e+00   0.00e+00   0.00e+00   0.0%
Pad                    0.00e+00   0.00e+00   0.00e+00   0.00e+00   0.0%
----------------------------------------------------------------
Total                  3.04e-02   3.91e-02   1.84e-04   6.97e-02 100.0%
                          43.6%      56.1%       0.3%

======================= Typical Corner ===================================

Group                  Internal  Switching    Leakage      Total
                          Power      Power      Power      Power (Watts)
----------------------------------------------------------------
Sequential             9.66e-03   2.79e-03   1.22e-05   1.25e-02  14.2%
Combinational          2.84e-02   4.69e-02   2.30e-07   7.54e-02  85.8%
Macro                  0.00e+00   0.00e+00   0.00e+00   0.00e+00   0.0%
Pad                    0.00e+00   0.00e+00   0.00e+00   0.00e+00   0.0%
----------------------------------------------------------------
Total                  3.81e-02   4.97e-02   1.24e-05   8.78e-02 100.0%
                          43.4%      56.6%       0.0%

