Wed Aug 26 04:31:07 UTC 2026 - Executing "openroad -exit -no_init -python /openlane/scripts/odbpy/lefutil.py get_metal_layers -o /home/alexis/my_asic_projects/secure_asic_top/runs/run_1/tmp/layers.list /home/alexis/PDKs/sky130A/libs.ref/sky130_fd_sc_hd/techlef/sky130_fd_sc_hd__nom.tlef"

Wed Aug 26 04:31:07 UTC 2026 - Executing "/openlane/scripts/mergeLef.py -o /home/alexis/my_asic_projects/secure_asic_top/runs/run_1/tmp/merged.nom.lef -i /home/alexis/PDKs/sky130A/libs.ref/sky130_fd_sc_hd/techlef/sky130_fd_sc_hd__nom.tlef {/home/alexis/PDKs/sky130A/libs.ref/sky130_fd_sc_hd/lef/sky130_fd_sc_hd.lef /home/alexis/PDKs/sky130A/libs.ref/sky130_fd_sc_hd/lef/sky130_ef_sc_hd.lef} |& tee /dev/null"

Wed Aug 26 04:31:07 UTC 2026 - Executing "/openlane/scripts/mergeLef.py -o /home/alexis/my_asic_projects/secure_asic_top/runs/run_1/tmp/merged.min.lef -i /home/alexis/PDKs/sky130A/libs.ref/sky130_fd_sc_hd/techlef/sky130_fd_sc_hd__min.tlef {/home/alexis/PDKs/sky130A/libs.ref/sky130_fd_sc_hd/lef/sky130_fd_sc_hd.lef /home/alexis/PDKs/sky130A/libs.ref/sky130_fd_sc_hd/lef/sky130_ef_sc_hd.lef} |& tee /dev/null"

Wed Aug 26 04:31:07 UTC 2026 - Executing "/openlane/scripts/mergeLef.py -o /home/alexis/my_asic_projects/secure_asic_top/runs/run_1/tmp/merged.max.lef -i /home/alexis/PDKs/sky130A/libs.ref/sky130_fd_sc_hd/techlef/sky130_fd_sc_hd__max.tlef {/home/alexis/PDKs/sky130A/libs.ref/sky130_fd_sc_hd/lef/sky130_fd_sc_hd.lef /home/alexis/PDKs/sky130A/libs.ref/sky130_fd_sc_hd/lef/sky130_ef_sc_hd.lef} |& tee /dev/null"

Wed Aug 26 04:31:07 UTC 2026 - Executing "python3 /openlane/scripts/mergeLib.py --output /home/alexis/my_asic_projects/secure_asic_top/runs/run_1/tmp/synthesis/merged.lib --name sky130A_merged /home/alexis/PDKs/sky130A/libs.ref/sky130_fd_sc_hd/lib/sky130_fd_sc_hd__tt_025C_1v80.lib"

Wed Aug 26 04:31:08 UTC 2026 - Executing "python3 /openlane/scripts/libtrim.py --cell-file /home/alexis/my_asic_projects/secure_asic_top/runs/run_1/tmp/synthesis/trimmed.lib.exclude.list --output /home/alexis/my_asic_projects/secure_asic_top/runs/run_1/tmp/synthesis/trimmed.lib /home/alexis/my_asic_projects/secure_asic_top/runs/run_1/tmp/synthesis/merged.lib"

Wed Aug 26 04:31:08 UTC 2026 - Executing "python3 /openlane/scripts/libtrim.py --cell-file /home/alexis/my_asic_projects/secure_asic_top/runs/run_1/tmp/cts/cts.lib.exclude.list --output /home/alexis/my_asic_projects/secure_asic_top/runs/run_1/tmp/cts/cts.lib /home/alexis/PDKs/sky130A/libs.ref/sky130_fd_sc_hd/lib/sky130_fd_sc_hd__tt_025C_1v80.lib"

Wed Aug 26 04:31:08 UTC 2026 - Executing "python3 /openlane/scripts/libtrim.py --cell-file /home/alexis/my_asic_projects/secure_asic_top/runs/run_1/tmp/cts/cts-fastest.lib.exclude.list --output /home/alexis/my_asic_projects/secure_asic_top/runs/run_1/tmp/cts/cts-fastest.lib /home/alexis/PDKs/sky130A/libs.ref/sky130_fd_sc_hd/lib/sky130_fd_sc_hd__ff_n40C_1v95.lib"

Wed Aug 26 04:31:08 UTC 2026 - Executing "python3 /openlane/scripts/libtrim.py --cell-file /home/alexis/my_asic_projects/secure_asic_top/runs/run_1/tmp/cts/cts-slowest.lib.exclude.list --output /home/alexis/my_asic_projects/secure_asic_top/runs/run_1/tmp/cts/cts-slowest.lib /home/alexis/PDKs/sky130A/libs.ref/sky130_fd_sc_hd/lib/sky130_fd_sc_hd__ss_100C_1v60.lib"

Wed Aug 26 04:31:08 UTC 2026 - Executing "python3 /openlane/scripts/new_tracks.py -i /home/alexis/PDKs/sky130A/libs.tech/openlane/sky130_fd_sc_hd/tracks.info -o /home/alexis/my_asic_projects/secure_asic_top/runs/run_1/tmp/routing/config.tracks"

Wed Aug 26 04:31:09 UTC 2026 - Executing "echo {OpenLane ff5509f65b17bfa4068d5336495ab1718987ff69} > /home/alexis/my_asic_projects/secure_asic_top/runs/run_1/OPENLANE_COMMIT"

Wed Aug 26 04:31:09 UTC 2026 - Executing "bash -c {verilator  --lint-only  -Wall  --Wno-DECLFILENAME  --top-module secure_asic_top  /home/alexis/my_asic_projects/secure_asic_top/src/uart_tx.v /home/alexis/my_asic_projects/secure_asic_top/src/chip_rom.v /home/alexis/my_asic_projects/secure_asic_top/src/uart_rx.v /home/alexis/my_asic_projects/secure_asic_top/src/auth_fsm.v /home/alexis/my_asic_projects/secure_asic_top/src/cmd_parser.v /home/alexis/my_asic_projects/secure_asic_top/src/secure_asic_top.v /home/alexis/my_asic_projects/secure_asic_top/src/aes128.v /home/alexis/my_asic_projects/secure_asic_top/src/aes_sbox.v -Wno-fatal --relative-includes |& tee /home/alexis/my_asic_projects/secure_asic_top/runs/run_1/logs/synthesis/linter.log /dev/null}"

Wed Aug 26 04:31:09 UTC 2026 - Executing "sed -E {s/^([[:space:]]+)pg_pin(.*)/\1pin\2\n\1    direction : "inout";/g} /home/alexis/PDKs/sky130A/libs.ref/sky130_fd_sc_hd/lib/sky130_fd_sc_hd__tt_025C_1v80.lib > /home/alexis/my_asic_projects/secure_asic_top/runs/run_1/tmp/synthesis/1-sky130_fd_sc_hd__tt_025C_1v80.no_pg.lib"

Wed Aug 26 04:31:09 UTC 2026 - Executing "sed -E {s/^([[:space:]]+)pg_pin(.*)/\1pin\2\n\1    direction : "inout";/g} /home/alexis/my_asic_projects/secure_asic_top/runs/run_1/tmp/synthesis/trimmed.lib > /home/alexis/my_asic_projects/secure_asic_top/runs/run_1/tmp/synthesis/1-trimmed.no_pg.lib"

Wed Aug 26 04:31:09 UTC 2026 - Executing "yosys -c /openlane/scripts/yosys/synth.tcl |& tee /dev/null /home/alexis/my_asic_projects/secure_asic_top/runs/run_1/logs/synthesis/1-synthesis.log"

Wed Aug 26 04:36:29 UTC 2026 - Executing "sed -i.bak -e {s/\(set ::env(CURRENT_NETLIST)\).*/\1 \/home\/alexis\/my_asic_projects\/secure_asic_top\/runs\/run_1\/results\/synthesis\/secure_asic_top.v/} /home/alexis/my_asic_projects/secure_asic_top/runs/run_1/config.tcl"

Wed Aug 26 04:36:29 UTC 2026 - Executing "sed -i.bak /defparam/d /home/alexis/my_asic_projects/secure_asic_top/runs/run_1/results/synthesis/secure_asic_top.v"

Wed Aug 26 04:36:29 UTC 2026 - Executing "sta -exit -no_init /openlane/scripts/openroad/sta/multi_corner.tcl |& tee /dev/null /home/alexis/my_asic_projects/secure_asic_top/runs/run_1/logs/synthesis/2-sta.log"

Wed Aug 26 04:36:33 UTC 2026 - Executing "openroad -exit /openlane/scripts/openroad/floorplan.tcl |& tee /dev/null /home/alexis/my_asic_projects/secure_asic_top/runs/run_1/logs/floorplan/3-initial_fp.log"

Wed Aug 26 04:36:33 UTC 2026 - Executing "openroad -exit -no_init -python /openlane/scripts/odbpy/defutil.py extract_core_dims --output-data /home/alexis/my_asic_projects/secure_asic_top/runs/run_1/tmp/dimensions.txt --input-lef /home/alexis/my_asic_projects/secure_asic_top/runs/run_1/tmp/merged.nom.lef /home/alexis/my_asic_projects/secure_asic_top/runs/run_1/tmp/floorplan/3-initial_fp.def"

Wed Aug 26 04:36:34 UTC 2026 - Executing "openroad -exit /openlane/scripts/openroad/ioplacer.tcl |& tee /dev/null /home/alexis/my_asic_projects/secure_asic_top/runs/run_1/logs/floorplan/4-io.log"

Wed Aug 26 04:36:34 UTC 2026 - Executing "openroad -exit /openlane/scripts/openroad/tapcell.tcl |& tee /dev/null /home/alexis/my_asic_projects/secure_asic_top/runs/run_1/logs/floorplan/5-tap.log"

Wed Aug 26 04:36:35 UTC 2026 - Executing "openroad -exit /openlane/scripts/openroad/pdn.tcl |& tee /dev/null /home/alexis/my_asic_projects/secure_asic_top/runs/run_1/logs/floorplan/6-pdn.log"

Wed Aug 26 04:36:37 UTC 2026 - Executing "openroad -exit /openlane/scripts/openroad/gpl.tcl |& tee /dev/null /home/alexis/my_asic_projects/secure_asic_top/runs/run_1/logs/placement/7-global.log"

Wed Aug 26 04:37:13 UTC 2026 - Executing "sed -i.bak -e {s/\(set ::env(CURRENT_NETLIST)\).*/\1 \/home\/alexis\/my_asic_projects\/secure_asic_top\/runs\/run_1\/tmp\/placement\/7-global.nl.v/} /home/alexis/my_asic_projects/secure_asic_top/runs/run_1/config.tcl"

Wed Aug 26 04:37:13 UTC 2026 - Executing "openroad -exit /openlane/scripts/openroad/sta/multi_corner.tcl |& tee /dev/null /home/alexis/my_asic_projects/secure_asic_top/runs/run_1/logs/placement/8-gpl_sta.log"

Wed Aug 26 04:37:18 UTC 2026 - Executing "openroad -exit /openlane/scripts/openroad/resizer.tcl |& tee /dev/null /home/alexis/my_asic_projects/secure_asic_top/runs/run_1/logs/placement/9-resizer.log"

Wed Aug 26 04:37:28 UTC 2026 - Executing "sed -i.bak -e {s/\(set ::env(CURRENT_NETLIST)\).*/\1 \/home\/alexis\/my_asic_projects\/secure_asic_top\/runs\/run_1\/tmp\/placement\/9-resizer.nl.v/} /home/alexis/my_asic_projects/secure_asic_top/runs/run_1/config.tcl"

Wed Aug 26 04:37:28 UTC 2026 - Executing "openroad -exit /openlane/scripts/openroad/dpl.tcl |& tee /dev/null /home/alexis/my_asic_projects/secure_asic_top/runs/run_1/logs/placement/10-detailed.log"

Wed Aug 26 04:37:29 UTC 2026 - Executing "sed -i.bak -e {s/\(set ::env(CURRENT_NETLIST)\).*/\1 \/home\/alexis\/my_asic_projects\/secure_asic_top\/runs\/run_1\/results\/placement\/secure_asic_top.nl.v/} /home/alexis/my_asic_projects/secure_asic_top/runs/run_1/config.tcl"

Wed Aug 26 04:37:29 UTC 2026 - Executing "openroad -exit /openlane/scripts/openroad/sta/multi_corner.tcl |& tee /dev/null /home/alexis/my_asic_projects/secure_asic_top/runs/run_1/logs/placement/11-dpl_sta.log"

Wed Aug 26 04:37:34 UTC 2026 - Executing "openroad -exit /openlane/scripts/openroad/cts.tcl |& tee /dev/null /home/alexis/my_asic_projects/secure_asic_top/runs/run_1/logs/cts/12-cts.log"

Wed Aug 26 04:38:02 UTC 2026 - Executing "openroad -exit /openlane/scripts/openroad/sta/multi_corner.tcl |& tee /dev/null /home/alexis/my_asic_projects/secure_asic_top/runs/run_1/logs/cts/13-cts_sta.log"

Wed Aug 26 04:38:09 UTC 2026 - Executing "openroad -exit /openlane/scripts/openroad/resizer_timing.tcl |& tee /dev/null /home/alexis/my_asic_projects/secure_asic_top/runs/run_1/logs/cts/14-resizer.log"

Wed Aug 26 04:38:20 UTC 2026 - Executing "sed -i.bak -e {s/\(set ::env(CURRENT_NETLIST)\).*/\1 \/home\/alexis\/my_asic_projects\/secure_asic_top\/runs\/run_1\/tmp\/cts\/14-secure_asic_top.resized.nl.v/} /home/alexis/my_asic_projects/secure_asic_top/runs/run_1/config.tcl"

Wed Aug 26 04:38:20 UTC 2026 - Executing "openroad -exit /openlane/scripts/openroad/resizer_routing_design.tcl |& tee /dev/null /home/alexis/my_asic_projects/secure_asic_top/runs/run_1/logs/routing/15-resizer_design.log"

Wed Aug 26 04:38:35 UTC 2026 - Executing "sed -i.bak -e {s/\(set ::env(CURRENT_NETLIST)\).*/\1 \/home\/alexis\/my_asic_projects\/secure_asic_top\/runs\/run_1\/tmp\/15-secure_asic_top.nl.v/} /home/alexis/my_asic_projects/secure_asic_top/runs/run_1/config.tcl"

Wed Aug 26 04:38:35 UTC 2026 - Executing "openroad -exit /openlane/scripts/openroad/sta/multi_corner.tcl |& tee /dev/null /home/alexis/my_asic_projects/secure_asic_top/runs/run_1/logs/routing/16-rsz_design_sta.log"

Wed Aug 26 04:38:42 UTC 2026 - Executing "openroad -exit /openlane/scripts/openroad/resizer_routing_timing.tcl |& tee /dev/null /home/alexis/my_asic_projects/secure_asic_top/runs/run_1/logs/routing/17-resizer_timing.log"

Wed Aug 26 04:38:51 UTC 2026 - Executing "sed -i.bak -e {s/\(set ::env(CURRENT_NETLIST)\).*/\1 \/home\/alexis\/my_asic_projects\/secure_asic_top\/runs\/run_1\/tmp\/17-secure_asic_top.nl.v/} /home/alexis/my_asic_projects/secure_asic_top/runs/run_1/config.tcl"

Wed Aug 26 04:38:51 UTC 2026 - Executing "openroad -exit /openlane/scripts/openroad/sta/multi_corner.tcl |& tee /dev/null /home/alexis/my_asic_projects/secure_asic_top/runs/run_1/logs/routing/18-rsz_timing_sta.log"

Wed Aug 26 04:38:58 UTC 2026 - Executing "openroad -exit -no_init -python /openlane/scripts/odbpy/diodes.py place --diode-cell sky130_fd_sc_hd__diode_2 --diode-pin DIODE --threshold 250 --side-strategy source --port-protect none --input-lef /home/alexis/my_asic_projects/secure_asic_top/runs/run_1/tmp/merged.nom.lef --output-def /home/alexis/my_asic_projects/secure_asic_top/runs/run_1/tmp/routing/19-diodes.def --output /home/alexis/my_asic_projects/secure_asic_top/runs/run_1/tmp/routing/19-diodes.odb /home/alexis/my_asic_projects/secure_asic_top/runs/run_1/tmp/17-secure_asic_top.odb |& tee /dev/null /home/alexis/my_asic_projects/secure_asic_top/runs/run_1/logs/routing/19-diodes.log"

Wed Aug 26 04:39:00 UTC 2026 - Executing "openroad -exit /openlane/scripts/openroad/dpl.tcl |& tee /dev/null /home/alexis/my_asic_projects/secure_asic_top/runs/run_1/logs/routing/20-diode_legalization.log"

Wed Aug 26 04:39:01 UTC 2026 - Executing "sed -i.bak -e {s/\(set ::env(CURRENT_NETLIST)\).*/\1 \/home\/alexis\/my_asic_projects\/secure_asic_top\/runs\/run_1\/tmp\/routing\/.\/19-diodes_legalized.nl.v/} /home/alexis/my_asic_projects/secure_asic_top/runs/run_1/config.tcl"

Wed Aug 26 04:39:01 UTC 2026 - Executing "openroad -exit /openlane/scripts/openroad/groute.tcl |& tee /dev/null /home/alexis/my_asic_projects/secure_asic_top/runs/run_1/logs/routing/21-global.log"

Wed Aug 26 04:39:29 UTC 2026 - Executing "openroad -exit -no_init -python /openlane/scripts/odbpy/defutil.py replace_instance_prefixes --original-prefix ANTENNA --new-prefix INSDIODE1 --input-lef /home/alexis/my_asic_projects/secure_asic_top/runs/run_1/tmp/merged.nom.lef --output-def /home/alexis/my_asic_projects/secure_asic_top/runs/run_1/tmp/routing/./19-diodes_legalized.def --output /home/alexis/my_asic_projects/secure_asic_top/runs/run_1/tmp/routing/./19-diodes_legalized.odb /home/alexis/my_asic_projects/secure_asic_top/runs/run_1/tmp/routing/./19-diodes_legalized.odb |& tee /dev/null /home/alexis/my_asic_projects/secure_asic_top/runs/run_1/logs/routing/21-antenna_diodes_1.log"

Wed Aug 26 04:39:30 UTC 2026 - Executing "openroad -exit /openlane/scripts/openroad/groute.tcl |& tee /dev/null /home/alexis/my_asic_projects/secure_asic_top/runs/run_1/logs/routing/21-antenna_route_1.log"

Wed Aug 26 04:39:58 UTC 2026 - Executing "openroad -exit /openlane/scripts/openroad/write_views.tcl |& tee /dev/null /home/alexis/my_asic_projects/secure_asic_top/runs/run_1/logs/routing/21-global_write_netlist.log"

Wed Aug 26 04:39:59 UTC 2026 - Executing "sed -i.bak -e {s/\(set ::env(CURRENT_NETLIST)\).*/\1 \/home\/alexis\/my_asic_projects\/secure_asic_top\/runs\/run_1\/tmp\/routing\/global.nl.v/} /home/alexis/my_asic_projects/secure_asic_top/runs/run_1/config.tcl"

Wed Aug 26 04:39:59 UTC 2026 - Executing "openroad -exit /openlane/scripts/openroad/sta/multi_corner.tcl |& tee /dev/null /home/alexis/my_asic_projects/secure_asic_top/runs/run_1/logs/routing/23-grt_sta.log"

Wed Aug 26 04:40:04 UTC 2026 - Executing "openroad -exit /openlane/scripts/openroad/fill.tcl |& tee /dev/null /home/alexis/my_asic_projects/secure_asic_top/runs/run_1/logs/routing/24-fill.log"

Wed Aug 26 04:40:06 UTC 2026 - Executing "sed -i.bak -e {s/\(set ::env(CURRENT_NETLIST)\).*/\1 \/home\/alexis\/my_asic_projects\/secure_asic_top\/runs\/run_1\/tmp\/routing\/24-fill.nl.v/} /home/alexis/my_asic_projects/secure_asic_top/runs/run_1/config.tcl"

Wed Aug 26 04:40:06 UTC 2026 - Executing "openroad -exit /openlane/scripts/openroad/droute.tcl |& tee /dev/null /home/alexis/my_asic_projects/secure_asic_top/runs/run_1/logs/routing/25-detailed.log"

Wed Aug 26 05:00:40 UTC 2026 - Executing "sed -i.bak -e {s/\(set ::env(CURRENT_NETLIST)\).*/\1 \/home\/alexis\/my_asic_projects\/secure_asic_top\/runs\/run_1\/results\/routing\/secure_asic_top.nl.v/} /home/alexis/my_asic_projects/secure_asic_top/runs/run_1/config.tcl"

Wed Aug 26 05:00:40 UTC 2026 - Executing "python3 /openlane/scripts/drc_rosetta.py tr to_klayout -o /home/alexis/my_asic_projects/secure_asic_top/runs/run_1/reports/routing/drt.klayout.xml --design-name secure_asic_top /home/alexis/my_asic_projects/secure_asic_top/runs/run_1/reports/routing/drt.drc"

Wed Aug 26 05:00:40 UTC 2026 - Executing "openroad -exit -no_init -python /openlane/scripts/odbpy/wire_lengths.py --report-out /home/alexis/my_asic_projects/secure_asic_top/runs/run_1/reports/routing/26-wire_lengths.csv --input-lef /home/alexis/my_asic_projects/secure_asic_top/runs/run_1/tmp/merged.nom.lef --output-def /dev/null --output /home/alexis/my_asic_projects/secure_asic_top/runs/run_1/results/routing/secure_asic_top.odb /home/alexis/my_asic_projects/secure_asic_top/runs/run_1/results/routing/secure_asic_top.odb |& tee /dev/null /home/alexis/my_asic_projects/secure_asic_top/runs/run_1/logs/routing/26-wire_lengths.log"

Wed Aug 26 05:00:42 UTC 2026 - Executing "openroad -exit /openlane/scripts/openroad/rcx.tcl |& tee /dev/null /home/alexis/my_asic_projects/secure_asic_top/runs/run_1/logs/signoff/27-parasitics_extraction.min.log"

Wed Aug 26 05:00:51 UTC 2026 - Executing "sta -exit -no_init /openlane/scripts/openroad/sta/multi_corner.tcl |& tee /dev/null /home/alexis/my_asic_projects/secure_asic_top/runs/run_1/logs/signoff/28-rcx_mcsta.min.log"

Wed Aug 26 05:01:23 UTC 2026 - Executing "openroad -exit /openlane/scripts/openroad/rcx.tcl |& tee /dev/null /home/alexis/my_asic_projects/secure_asic_top/runs/run_1/logs/signoff/29-parasitics_extraction.max.log"

Wed Aug 26 05:01:33 UTC 2026 - Executing "sta -exit -no_init /openlane/scripts/openroad/sta/multi_corner.tcl |& tee /dev/null /home/alexis/my_asic_projects/secure_asic_top/runs/run_1/logs/signoff/30-rcx_mcsta.max.log"

Wed Aug 26 05:02:08 UTC 2026 - Executing "openroad -exit /openlane/scripts/openroad/rcx.tcl |& tee /dev/null /home/alexis/my_asic_projects/secure_asic_top/runs/run_1/logs/signoff/31-parasitics_extraction.nom.log"

Wed Aug 26 05:02:18 UTC 2026 - Executing "sta -exit -no_init /openlane/scripts/openroad/sta/multi_corner.tcl |& tee /dev/null /home/alexis/my_asic_projects/secure_asic_top/runs/run_1/logs/signoff/32-rcx_mcsta.nom.log"

Wed Aug 26 05:02:51 UTC 2026 - Executing "sta -exit -no_init /openlane/scripts/openroad/sta/multi_corner.tcl |& tee /dev/null /home/alexis/my_asic_projects/secure_asic_top/runs/run_1/logs/signoff/33-rcx_sta.log"

Wed Aug 26 05:03:01 UTC 2026 - Executing "openroad -exit /openlane/scripts/openroad/irdrop.tcl |& tee /dev/null /home/alexis/my_asic_projects/secure_asic_top/runs/run_1/logs/signoff/34-irdrop.log"

Wed Aug 26 05:03:10 UTC 2026 - Executing "magic -noconsole -dnull -rcfile /home/alexis/PDKs/sky130A/libs.tech/magic/sky130A.magicrc < /openlane/scripts/magic/wrapper.tcl |& tee /dev/null /home/alexis/my_asic_projects/secure_asic_top/runs/run_1/logs/signoff/35-gdsii.log"

Wed Aug 26 05:03:28 UTC 2026 - Executing "magic -noconsole -dnull -rcfile /home/alexis/PDKs/sky130A/libs.tech/magic/sky130A.magicrc < /openlane/scripts/magic/wrapper.tcl |& tee /dev/null /home/alexis/my_asic_projects/secure_asic_top/runs/run_1/logs/signoff/35-gds_ptrs.log"

Wed Aug 26 05:03:43 UTC 2026 - Executing "sed -i.bak -n {/^<< properties >>/,/^<< end >>/p} /home/alexis/my_asic_projects/secure_asic_top/runs/run_1/tmp/signoff/gds_ptrs.mag"

Wed Aug 26 05:03:43 UTC 2026 - Executing "magic -noconsole -dnull -rcfile /home/alexis/PDKs/sky130A/libs.tech/magic/sky130A.magicrc < /openlane/scripts/magic/wrapper.tcl |& tee /dev/null /home/alexis/my_asic_projects/secure_asic_top/runs/run_1/logs/signoff/35-lef.log"

Wed Aug 26 05:04:16 UTC 2026 - Executing "magic -noconsole -dnull -rcfile /home/alexis/PDKs/sky130A/libs.tech/magic/sky130A.magicrc < /openlane/scripts/magic/wrapper.tcl |& tee /dev/null /home/alexis/my_asic_projects/secure_asic_top/runs/run_1/logs/signoff/35-maglef.log"

Wed Aug 26 05:04:17 UTC 2026 - Executing "python3 /openlane/scripts/klayout/stream_out.py --output /home/alexis/my_asic_projects/secure_asic_top/runs/run_1/results/signoff/secure_asic_top.klayout.gds --lyt /home/alexis/PDKs/sky130A/libs.tech/klayout/tech/sky130A.lyt --lym /home/alexis/PDKs/sky130A/libs.tech/klayout/tech/sky130A.map --lyp /home/alexis/PDKs/sky130A/libs.tech/klayout/tech/sky130A.lyp --top secure_asic_top --with-gds-file /home/alexis/PDKs/sky130A/libs.ref/sky130_fd_sc_hd/gds/sky130_fd_sc_hd.gds --input-lef /home/alexis/my_asic_projects/secure_asic_top/runs/run_1/tmp/merged.nom.lef /home/alexis/my_asic_projects/secure_asic_top/runs/run_1/results/routing/secure_asic_top.def |& tee /dev/null /home/alexis/my_asic_projects/secure_asic_top/runs/run_1/logs/signoff/36-gdsii-klayout.log"

Wed Aug 26 05:04:20 UTC 2026 - Executing "klayout -b -r /openlane/scripts/klayout/xor.drc -rd a=/home/alexis/my_asic_projects/secure_asic_top/runs/run_1/results/signoff/secure_asic_top.gds -rd b=/home/alexis/my_asic_projects/secure_asic_top/runs/run_1/results/signoff/secure_asic_top.klayout.gds -rd jobs=1 -rd rdb_out=/home/alexis/my_asic_projects/secure_asic_top/runs/run_1/reports/signoff/37-xor.xml -rd ignore=81/14 -rd rpt_out=/home/alexis/my_asic_projects/secure_asic_top/runs/run_1/reports/signoff/37-xor.rpt |& tee /dev/null /home/alexis/my_asic_projects/secure_asic_top/runs/run_1/logs/signoff/37-xor.log"

Wed Aug 26 05:04:56 UTC 2026 - Executing "magic -noconsole -dnull -rcfile /home/alexis/PDKs/sky130A/libs.tech/magic/sky130A.magicrc < /openlane/scripts/magic/wrapper.tcl |& tee /dev/null /home/alexis/my_asic_projects/secure_asic_top/runs/run_1/logs/signoff/38-spice.log"

Wed Aug 26 05:05:41 UTC 2026 - Executing "openroad -exit -no_init -python /openlane/scripts/odbpy/power_utils.py write_powered_def --output /home/alexis/my_asic_projects/secure_asic_top/runs/run_1/tmp/signoff/38-secure_asic_top.p.def --input-lef /home/alexis/my_asic_projects/secure_asic_top/runs/run_1/tmp/merged.nom.lef --power-port VPWR --ground-port VGND --powered-netlist {} /home/alexis/my_asic_projects/secure_asic_top/runs/run_1/results/routing/secure_asic_top.def |& tee /dev/null /home/alexis/my_asic_projects/secure_asic_top/runs/run_1/logs/signoff/39-write_powered_def.log"

Wed Aug 26 05:05:43 UTC 2026 - Executing "openroad -exit /openlane/scripts/openroad/write_views.tcl |& tee /dev/null /home/alexis/my_asic_projects/secure_asic_top/runs/run_1/logs/signoff/39-write_powered_verilog.log"

Wed Aug 26 05:05:47 UTC 2026 - Executing "sed -i.bak -e {s/\(set ::env(CURRENT_NETLIST)\).*/\1 \/home\/alexis\/my_asic_projects\/secure_asic_top\/runs\/run_1\/tmp\/signoff\/38-secure_asic_top.nl.v/} /home/alexis/my_asic_projects/secure_asic_top/runs/run_1/config.tcl"

Wed Aug 26 05:05:48 UTC 2026 - Executing "netgen -batch source /home/alexis/my_asic_projects/secure_asic_top/runs/run_1/tmp/signoff/41-setup_file.lef.lvs |& tee /dev/null /home/alexis/my_asic_projects/secure_asic_top/runs/run_1/logs/signoff/41-lvs.lef.log"

Wed Aug 26 05:06:00 UTC 2026 - Executing "magic -noconsole -dnull -rcfile /home/alexis/PDKs/sky130A/libs.tech/magic/sky130A.magicrc < /openlane/scripts/magic/wrapper.tcl |& tee /dev/null /home/alexis/my_asic_projects/secure_asic_top/runs/run_1/logs/signoff/42-drc.log"

Wed Aug 26 05:06:15 UTC 2026 - Executing "python3 /openlane/scripts/drc_rosetta.py magic to_tcl -o /home/alexis/my_asic_projects/secure_asic_top/runs/run_1/reports/signoff/drc.tcl /home/alexis/my_asic_projects/secure_asic_top/runs/run_1/reports/signoff/drc.rpt"

Wed Aug 26 05:06:15 UTC 2026 - Executing "python3 /openlane/scripts/drc_rosetta.py magic to_tr -o /home/alexis/my_asic_projects/secure_asic_top/runs/run_1/reports/signoff/drc.tr /home/alexis/my_asic_projects/secure_asic_top/runs/run_1/reports/signoff/drc.rpt"

Wed Aug 26 05:06:15 UTC 2026 - Executing "python3 /openlane/scripts/drc_rosetta.py tr to_klayout -o /home/alexis/my_asic_projects/secure_asic_top/runs/run_1/reports/signoff/drc.klayout.xml --design-name secure_asic_top /home/alexis/my_asic_projects/secure_asic_top/runs/run_1/reports/signoff/drc.tr"

Wed Aug 26 05:06:15 UTC 2026 - Executing "python3 /openlane/scripts/drc_rosetta.py magic to_rdb -o /home/alexis/my_asic_projects/secure_asic_top/runs/run_1/reports/signoff/drc.rdb /home/alexis/my_asic_projects/secure_asic_top/runs/run_1/reports/signoff/drc.rpt"

Wed Aug 26 05:06:15 UTC 2026 - Executing "bash /openlane/scripts/klayout/run_drc.sh /home/alexis/PDKs/sky130A/libs.tech/klayout/drc/sky130A_mr.drc /home/alexis/my_asic_projects/secure_asic_top/runs/run_1/results/signoff/secure_asic_top.gds /home/alexis/my_asic_projects/secure_asic_top/runs/run_1/results/signoff/secure_asic_top.gds.lydrc |& tee /dev/null /home/alexis/my_asic_projects/secure_asic_top/runs/run_1/logs/signoff/43-magic.drc.log"

Wed Aug 26 05:06:18 UTC 2026 - Executing "openroad -exit /openlane/scripts/openroad/antenna_check.tcl |& tee /dev/null /home/alexis/my_asic_projects/secure_asic_top/runs/run_1/logs/signoff/44-arc.log"

Wed Aug 26 05:06:24 UTC 2026 - Executing "python3 /openlane/scripts/extract_antenna_violators.py --output /home/alexis/my_asic_projects/secure_asic_top/runs/run_1/reports/signoff/44-antenna_violators.rpt --plain-out /home/alexis/my_asic_projects/secure_asic_top/runs/run_1/reports/signoff/44-antenna_violators_pins.txt /home/alexis/my_asic_projects/secure_asic_top/runs/run_1/logs/signoff/44-arc.log"

Wed Aug 26 05:06:24 UTC 2026 - Executing "awk -v vdd=VPWR -v gnd=VGND -f /home/alexis/PDKs/sky130A/libs.tech/openlane/cvc/power.awk /home/alexis/my_asic_projects/secure_asic_top/runs/run_1/tmp/signoff/38-secure_asic_top.nl.v > /home/alexis/my_asic_projects/secure_asic_top/runs/run_1/tmp/signoff/secure_asic_top.power"

Wed Aug 26 05:06:24 UTC 2026 - Executing "awk -f /home/alexis/PDKs/sky130A/libs.tech/openlane/cvc/cdl.awk /home/alexis/PDKs/sky130A/libs.ref/sky130_fd_sc_hd/cdl/sky130_fd_sc_hd.cdl /home/alexis/my_asic_projects/secure_asic_top/runs/run_1/results/signoff/secure_asic_top.lef.spice > /home/alexis/my_asic_projects/secure_asic_top/runs/run_1/tmp/signoff/secure_asic_top.cdl"

Wed Aug 26 05:06:24 UTC 2026 - Executing "cvc_rv /home/alexis/PDKs/sky130A/libs.tech/openlane/cvc/cvcrc |& tee /dev/null /home/alexis/my_asic_projects/secure_asic_top/runs/run_1/logs/signoff/45-erc_screen.log"

