
===========================================================================
 report_power
============================================================================
======================= Fastest Corner ===================================

Group                  Internal  Switching    Leakage      Total
                          Power      Power      Power      Power (Watts)
----------------------------------------------------------------
Sequential             1.11e-02   3.48e-03   1.22e-05   1.46e-02  13.9%
Combinational          3.16e-02   5.88e-02   3.54e-07   9.05e-02  86.1%
Macro                  0.00e+00   0.00e+00   0.00e+00   0.00e+00   0.0%
Pad                    0.00e+00   0.00e+00   0.00e+00   0.00e+00   0.0%
----------------------------------------------------------------
Total                  4.28e-02   6.23e-02   1.25e-05   1.05e-01 100.0%
                          40.7%      59.3%       0.0%

======================= Slowest Corner ===================================

Group                  Internal  Switching    Leakage      Total
                          Power      Power      Power      Power (Watts)
----------------------------------------------------------------
Sequential             7.52e-03   2.30e-03   6.37e-05   9.88e-03  13.7%
Combinational          2.29e-02   3.93e-02   1.20e-04   6.23e-02  86.3%
Macro                  0.00e+00   0.00e+00   0.00e+00   0.00e+00   0.0%
Pad                    0.00e+00   0.00e+00   0.00e+00   0.00e+00   0.0%
----------------------------------------------------------------
Total                  3.04e-02   4.16e-02   1.84e-04   7.22e-02 100.0%
                          42.1%      57.7%       0.3%

======================= Typical Corner ===================================

Group                  Internal  Switching    Leakage      Total
                          Power      Power      Power      Power (Watts)
----------------------------------------------------------------
Sequential             9.65e-03   2.94e-03   1.22e-05   1.26e-02  13.8%
Combinational          2.84e-02   4.99e-02   2.30e-07   7.84e-02  86.2%
Macro                  0.00e+00   0.00e+00   0.00e+00   0.00e+00   0.0%
Pad                    0.00e+00   0.00e+00   0.00e+00   0.00e+00   0.0%
----------------------------------------------------------------
Total                  3.81e-02   5.29e-02   1.24e-05   9.10e-02 100.0%
                          41.9%      58.1%       0.0%

