CVC: Log output to /home/alexis/my_asic_projects/secure_asic_top/runs/run_5/reports/signoff/secure_asic_top.rpt
CVC: Error output to /home/alexis/my_asic_projects/secure_asic_top/runs/run_5/reports/signoff/secure_asic_top.rpt.error.gz
CVC: Debug output to /home/alexis/my_asic_projects/secure_asic_top/runs/run_5/reports/signoff/secure_asic_top.rpt.debug.gz
CVC: Circuit Validation Check  Version 1.1.4
CVC: Start: Sun Aug 30 03:55:19 2026

Using the following parameters for CVC (Circuit Validation Check) from /home/alexis/PDKs/sky130A/libs.tech/openlane/cvc/cvcrc
CVC_TOP = 'secure_asic_top'
CVC_NETLIST = '/home/alexis/my_asic_projects/secure_asic_top/runs/run_5/tmp/signoff/secure_asic_top.cdl'
CVC_MODE = 'secure_asic_top'
CVC_MODEL_FILE = '/home/alexis/PDKs/sky130A/libs.tech/openlane/cvc/models'
CVC_POWER_FILE = '/home/alexis/my_asic_projects/secure_asic_top/runs/run_5/tmp/signoff/secure_asic_top.power'
CVC_FUSE_FILE = ''
CVC_REPORT_FILE = '/home/alexis/my_asic_projects/secure_asic_top/runs/run_5/reports/signoff/secure_asic_top.rpt'
CVC_REPORT_TITLE = 'CVC $CVC_TOP'
CVC_CIRCUIT_ERROR_LIMIT = '100'
CVC_SEARCH_LIMIT = '100'
CVC_LEAK_LIMIT = '0.0002'
CVC_SOI = 'false'
CVC_SCRC = 'false'
CVC_VTH_GATES = 'false'
CVC_MIN_VTH_GATES = 'false'
CVC_IGNORE_VTH_FLOATING = 'false'
CVC_IGNORE_NO_LEAK_FLOATING = 'false'
CVC_LEAK_OVERVOLTAGE = 'true'
CVC_LOGIC_DIODES = 'false'
CVC_ANALOG_GATES = 'true'
CVC_BACKUP_RESULTS = 'false'
CVC_MOS_DIODE_ERROR_THRESHOLD = '0'
CVC_SHORT_ERROR_THRESHOLD = '0'
CVC_BIAS_ERROR_THRESHOLD = '0'
CVC_FORWARD_ERROR_THRESHOLD = '0'
CVC_FLOATING_ERROR_THRESHOLD = '0'
CVC_GATE_ERROR_THRESHOLD = '0'
CVC_LEAK?_ERROR_THRESHOLD = '0'
CVC_EXPECTED_ERROR_THRESHOLD = '0'
CVC_OVERVOLTAGE_ERROR_THRESHOLD = '0'
CVC_PARALLEL_CIRCUIT_PORT_LIMIT = '0'
CVC_CELL_ERROR_LIMIT_FILE = ''
CVC_CELL_CHECKSUM_FILE = ''
CVC_LARGE_CIRCUIT_SIZE = '10000000'
CVC_NET_CHECK_FILE = ''
CVC_MODEL_CHECK_FILE = ''
End of parameters

CVC: Reading device model settings...
CVC: Reading power settings...
CVC: Parsing netlist /home/alexis/my_asic_projects/secure_asic_top/runs/run_5/tmp/signoff/secure_asic_top.cdl
Cdl fixed data size 1912571
Usage CDL: Time: 0  Memory: 98680  I/O: 4416  Swap: 0
CVC: Counting and linking...
CVC: Assigning IDs ...
Usage DB: Time: 0  Memory: 98680  I/O: 4416  Swap: 0
CVC: 106167(106167) instances, 139835(139835) nets, 362924(362924) devices.
CVC: Setting models ...
